<html>
<body>
<pre>
<h1>µVision Build Log</h1>
<h2>Tool Versions:</h2>
IDE-Version: µVision V5.29.0.0
Copyright (C) 2019 ARM Ltd and ARM Germany GmbH. All rights reserved.
License Information: Eslam Emara, Alexandria university, LIC=65ISZ-JZBM2-741S0-B95KU-N80HG-01F7D
 
Tool Versions:
Toolchain:       MDK-ARM Plus  Version: 5.29.0.0
Toolchain Path:  C:\Keil_v5\ARM\ARMCC\Bin
C Compiler:      Armcc.exe V5.06 update 6 (build 750)
Assembler:       Armasm.exe V5.06 update 6 (build 750)
Linker/Locator:  ArmLink.exe V5.06 update 6 (build 750)
Library Manager: ArmAr.exe V5.06 update 6 (build 750)
Hex Converter:   FromElf.exe V5.06 update 6 (build 750)
CPU DLL:         SARM.DLL V5.29.0.0
Dialog DLL:      DARMP.DLL V1.53.0.0
Target DLL:      UL2ARM.DLL V1.74.10.0
Dialog DLL:      TARMP.DLL V1.53.0.0
 
<h2>Project:</h2>
C:\Users\20109\OneDrive\Desktop\FreeRTOSv202112.00\FreeRTOSv202112.00\FreeRTOS\Demo\ARM7_LPC2129_Keil_RVDS\RTOSDemo.uvproj
Project File Date:  09/17/2022

<h2>Output:</h2>
*** Using Compiler 'V5.06 update 6 (build 750)', folder: 'C:\Keil_v5\ARM\ARMCC\Bin'
Rebuild target 'RTOSDemo_THUMB'
compiling GPIO_cfg.c...
compiling GPIO.c...
compiling main.c...
Starter_Files_V1\Starter_Files_V1\source\main.c(128): warning:  #167-D: argument of type "void *" is incompatible with parameter of type "TaskHookFunction_t"
  			vTaskSetApplicationTaskTag( NULL, ( void * ) 1 );
Starter_Files_V1\Starter_Files_V1\source\main.c(176): warning:  #167-D: argument of type "void *" is incompatible with parameter of type "TaskHookFunction_t"
  			vTaskSetApplicationTaskTag( NULL, ( void * ) 2 );
Starter_Files_V1\Starter_Files_V1\source\main.c(220): warning:  #167-D: argument of type "void *" is incompatible with parameter of type "TaskHookFunction_t"
  		vTaskSetApplicationTaskTag( NULL, ( void * ) 3 );
Starter_Files_V1\Starter_Files_V1\source\main.c(246): warning:  #167-D: argument of type "void *" is incompatible with parameter of type "TaskHookFunction_t"
  	  vTaskSetApplicationTaskTag( NULL, ( void * ) 4 );
Starter_Files_V1\Starter_Files_V1\source\main.c(280): warning:  #167-D: argument of type "void *" is incompatible with parameter of type "TaskHookFunction_t"
  			vTaskSetApplicationTaskTag( NULL, ( void * ) 5 );
Starter_Files_V1\Starter_Files_V1\source\main.c(305): warning:  #167-D: argument of type "void *" is incompatible with parameter of type "TaskHookFunction_t"
  			vTaskSetApplicationTaskTag( NULL, ( void * ) 6 );
Starter_Files_V1\Starter_Files_V1\source\main.c: 6 warnings, 0 errors
compiling ParTest.c...
assembling Startup.s...
compiling port.c...
assembling serialISR.s...
compiling list.c...
compiling queue.c...
compiling serial.c...
assembling portASM.s...
compiling heap_2.c...
compiling tasks.c...
linking...
Program Size: Code=15636 RO-data=32 RW-data=336 ZI-data=15416  
FromELF: creating hex file...
".\bin\RTOSDemo.axf" - 0 Error(s), 6 Warning(s).
Build Time Elapsed:  00:00:01
</pre>
</body>
</html>
