Component: ARM Compiler 5.06 update 6 (build 750) Tool: armlink [4d35ed]

==============================================================================

Section Cross References

    startup.o(STACK) refers (Special) to heapauxi.o(.text) for __use_two_region_memory
    startup.o(HEAP) refers (Special) to heapauxi.o(.text) for __use_two_region_memory
    startup.o(RESET) refers (Special) to heapauxi.o(.text) for __use_two_region_memory
    startup.o(RESET) refers to portasm.o(PORT_ASM) for vPortYieldProcessor
    startup.o(RESET) refers to startup.o(STACK) for Stack_Top
    startup.o(RESET) refers to __main.o(!!!main) for __main
    startup.o(.text) refers (Special) to heapauxi.o(.text) for __use_two_region_memory
    startup.o(.text) refers to startup.o(HEAP) for Heap_Mem
    startup.o(.text) refers to startup.o(STACK) for Stack_Mem
    serialisr.o(.text) refers to port.o(.data) for ulCriticalNesting
    serialisr.o(.text) refers to tasks.o(.data) for pxCurrentTCB
    serialisr.o(.text) refers to serial.o(.text) for vUART_ISRHandler
    gpio.o(.text) refers to gpio_cfg.o(.data) for PinConfig_array
    main.o(.text) refers to tasks.o(.text) for vTaskSetApplicationTaskTag
    main.o(.text) refers to gpio.o(.text) for GPIO_read
    main.o(.text) refers to queue.o(.text) for xQueueGenericSend
    main.o(.text) refers to serial.o(.text) for xSerialPutChar
    main.o(.text) refers to fflt_noclz.o(x$fpl$ffltu) for __aeabi_ui2f
    main.o(.text) refers to fflt_noclz.o(x$fpl$fflt) for __aeabi_i2f
    main.o(.text) refers to fdiv.o(x$fpl$fdiv) for __aeabi_fdiv
    main.o(.text) refers to f2d.o(x$fpl$f2d) for __aeabi_f2d
    main.o(.text) refers to dmul.o(x$fpl$dmul) for __aeabi_dmul
    main.o(.text) refers to daddsub_noclz.o(x$fpl$drsb) for __aeabi_drsub
    main.o(.text) refers to d2f.o(x$fpl$d2f) for __aeabi_d2f
    main.o(.text) refers to main.o(.data) for lastState
    serial.o(.text) refers to aeabi_sdiv.o(.text_udiv) for __aeabi_uidivmod
    serial.o(.text) refers to serialisr.o(.text) for vUART_ISREntry
    serial.o(.text) refers to serial.o(.data) for isNewCharAvailable
    serial.o(.text) refers to serial.o(.bss) for txBuffer
    tasks.o(.text) refers to list.o(.text) for vListInitialise
    tasks.o(.text) refers to port.o(.text) for vPortEnterCritical
    tasks.o(.text) refers to portasm.o(PORT_ASM) for vPortYield
    tasks.o(.text) refers to aeabi_memset.o(.text) for __aeabi_memset
    tasks.o(.text) refers to heap_2.o(.text) for pvPortMalloc
    tasks.o(.text) refers to tasks.o(.bss) for pxReadyTasksLists
    tasks.o(.text) refers to tasks.o(.data) for pxDelayedTaskList
    tasks.o(.text) refers to main.o(.text) for vApplicationTickHook
    tasks.o(.text) refers to gpio.o(.text) for GPIO_write
    tasks.o(.text) refers to tasks.o(i.__ARM_common_disable_irq) for __ARM_common_disable_irq
    tasks.o(.text) refers to main.o(.data) for TaskIDLE_inTime
    tasks.o(.text) refers to tasks.o(i.__ARM_common_call_via_r1) for __ARM_common_call_via_r1
    tasks.o(.text) refers to tasks.o(i.__ARM_common_switch8) for __ARM_common_switch8
    queue.o(.text) refers to aeabi_sdiv.o(.text_udiv) for __aeabi_uidivmod
    queue.o(.text) refers to port.o(.text) for vPortEnterCritical
    queue.o(.text) refers to tasks.o(.text) for xTaskRemoveFromEventList
    queue.o(.text) refers to portasm.o(PORT_ASM) for vPortYield
    queue.o(.text) refers to list.o(.text) for vListInitialise
    queue.o(.text) refers to heap_2.o(.text) for pvPortMalloc
    queue.o(.text) refers to rt_memcpy.o(.text) for __aeabi_memcpy
    port.o(.text) refers to portasm.o(PORT_ASM) for vPortStartFirstTask
    port.o(.text) refers to tasks.o(i.__ARM_common_disable_irq) for __ARM_common_disable_irq
    port.o(.text) refers to port.o(i.__ARM_common_enable_irq) for __ARM_common_enable_irq
    port.o(.text) refers to port.o(.data) for ulCriticalNesting
    heap_2.o(.text) refers to tasks.o(.text) for vTaskSuspendAll
    heap_2.o(.text) refers to heap_2.o(.bss) for ucHeap
    heap_2.o(.text) refers to heap_2.o(.data) for xStart
    portasm.o(PORT_ASM) refers to tasks.o(.data) for pxCurrentTCB
    portasm.o(PORT_ASM) refers to port.o(.data) for ulCriticalNesting
    portasm.o(PORT_ASM) refers to tasks.o(.text) for vTaskSwitchContext
    rt_memcpy.o(.text) refers to rt_memcpy_w.o(.text) for __aeabi_memcpy4
    aeabi_memset.o(.text) refers to rt_memclr.o(.text) for _memset
    aeabi_sdiv.o(.text_udiv) refers to aeabi_sdiv.o(.text) for __arm_div2
    aeabi_sdiv_div0.o(.text_udiv) refers to aeabi_sdiv_div0.o(.text) for __arm_div2
    __main.o(!!!main) refers to __rtentry.o(.ARM.Collect$$rtentry$$00000000) for __rt_entry
    d2f.o(x$fpl$d2f) refers (Special) to usenofp.o(x$fpl$usenofp) for __I$use$fp
    d2f.o(x$fpl$d2f) refers to fretinf.o(x$fpl$fretinf) for __fpl_fretinf
    d2f.o(x$fpl$d2f) refers to dnaninf.o(x$fpl$dnaninf) for __fpl_dnaninf
    daddsub_noclz.o(x$fpl$dadd) refers (Special) to usenofp.o(x$fpl$usenofp) for __I$use$fp
    daddsub_noclz.o(x$fpl$dadd) refers to daddsub_noclz.o(x$fpl$dsub) for _dsub1
    daddsub_noclz.o(x$fpl$dadd) refers to dretinf.o(x$fpl$dretinf) for __fpl_dretinf
    daddsub_noclz.o(x$fpl$dadd) refers to dnaninf.o(x$fpl$dnaninf) for __fpl_dnaninf
    daddsub_noclz.o(x$fpl$drsb) refers (Special) to usenofp.o(x$fpl$usenofp) for __I$use$fp
    daddsub_noclz.o(x$fpl$drsb) refers to daddsub_noclz.o(x$fpl$dadd) for _dadd1
    daddsub_noclz.o(x$fpl$drsb) refers to daddsub_noclz.o(x$fpl$dsub) for _dsub1
    daddsub_noclz.o(x$fpl$dsub) refers (Special) to usenofp.o(x$fpl$usenofp) for __I$use$fp
    daddsub_noclz.o(x$fpl$dsub) refers to daddsub_noclz.o(x$fpl$dadd) for _dadd1
    daddsub_noclz.o(x$fpl$dsub) refers to dnaninf.o(x$fpl$dnaninf) for __fpl_dnaninf
    dmul.o(x$fpl$dmul) refers (Special) to usenofp.o(x$fpl$usenofp) for __I$use$fp
    dmul.o(x$fpl$dmul) refers to dretinf.o(x$fpl$dretinf) for __fpl_dretinf
    dmul.o(x$fpl$dmul) refers to dnaninf.o(x$fpl$dnaninf) for __fpl_dnaninf
    f2d.o(x$fpl$f2d) refers (Special) to usenofp.o(x$fpl$usenofp) for __I$use$fp
    f2d.o(x$fpl$f2d) refers to fnaninf.o(x$fpl$fnaninf) for __fpl_fnaninf
    f2d.o(x$fpl$f2d) refers to dretinf.o(x$fpl$dretinf) for __fpl_dretinf
    fdiv.o(x$fpl$frdiv) refers (Special) to usenofp.o(x$fpl$usenofp) for __I$use$fp
    fdiv.o(x$fpl$frdiv) refers to fdiv.o(x$fpl$fdiv) for _fdiv1
    fdiv.o(x$fpl$fdiv) refers (Special) to usenofp.o(x$fpl$usenofp) for __I$use$fp
    fdiv.o(x$fpl$fdiv) refers to fretinf.o(x$fpl$fretinf) for __fpl_fretinf
    fdiv.o(x$fpl$fdiv) refers to fnaninf.o(x$fpl$fnaninf) for __fpl_fnaninf
    fflt_noclz.o(x$fpl$ffltu) refers (Special) to usenofp.o(x$fpl$usenofp) for __I$use$fp
    fflt_noclz.o(x$fpl$ffltu) refers to fflt_noclz.o(x$fpl$fflt) for __fflt_normalise
    fflt_noclz.o(x$fpl$fflt) refers (Special) to usenofp.o(x$fpl$usenofp) for __I$use$fp
    __rtentry.o(.ARM.Collect$$rtentry$$00000000) refers (Special) to __rtentry2.o(.ARM.Collect$$rtentry$$0000000A) for __rt_entry_li
    __rtentry.o(.ARM.Collect$$rtentry$$00000000) refers (Special) to __rtentry2.o(.ARM.Collect$$rtentry$$0000000D) for __rt_entry_main
    __rtentry.o(.ARM.Collect$$rtentry$$00000000) refers (Special) to __rtentry2.o(.ARM.Collect$$rtentry$$0000000C) for __rt_entry_postli_1
    __rtentry.o(.ARM.Collect$$rtentry$$00000000) refers (Special) to __rtentry2.o(.ARM.Collect$$rtentry$$00000009) for __rt_entry_postsh_1
    __rtentry.o(.ARM.Collect$$rtentry$$00000000) refers (Special) to __rtentry2.o(.ARM.Collect$$rtentry$$00000002) for __rt_entry_presh_1
    __rtentry.o(.ARM.Collect$$rtentry$$00000000) refers (Special) to __rtentry4.o(.ARM.Collect$$rtentry$$00000004) for __rt_entry_sh
    aeabi_idiv0_sigfpe.o(.text) refers to rt_div0.o(.text) for __rt_div0
    rt_memclr.o(.text) refers to rt_memclr_w.o(.text) for _memset_w
    dnaninf.o(x$fpl$dnaninf) refers (Special) to usenofp.o(x$fpl$usenofp) for __I$use$fp
    dretinf.o(x$fpl$dretinf) refers (Special) to usenofp.o(x$fpl$usenofp) for __I$use$fp
    fnaninf.o(x$fpl$fnaninf) refers (Special) to usenofp.o(x$fpl$usenofp) for __I$use$fp
    fretinf.o(x$fpl$fretinf) refers (Special) to usenofp.o(x$fpl$usenofp) for __I$use$fp
    __rtentry2.o(.ARM.Collect$$rtentry$$00000008) refers to boardinit2.o(.text) for _platform_post_stackheap_init
    __rtentry2.o(.ARM.Collect$$rtentry$$0000000A) refers to libinit.o(.ARM.Collect$$libinit$$00000000) for __rt_lib_init
    __rtentry2.o(.ARM.Collect$$rtentry$$0000000B) refers to boardinit3.o(.text) for _platform_post_lib_init
    __rtentry2.o(.ARM.Collect$$rtentry$$0000000D) refers to exit.o(.text) for exit
    __rtentry2.o(.ARM.Collect$$rtentry$$0000000D) refers to main.o(.text) for main
    __rtentry2.o(.ARM.exidx) refers to __rtentry2.o(.ARM.Collect$$rtentry$$00000001) for .ARM.Collect$$rtentry$$00000001
    __rtentry2.o(.ARM.exidx) refers to __rtentry2.o(.ARM.Collect$$rtentry$$00000008) for .ARM.Collect$$rtentry$$00000008
    __rtentry2.o(.ARM.exidx) refers to __rtentry2.o(.ARM.Collect$$rtentry$$0000000A) for .ARM.Collect$$rtentry$$0000000A
    __rtentry2.o(.ARM.exidx) refers to __rtentry2.o(.ARM.Collect$$rtentry$$0000000B) for .ARM.Collect$$rtentry$$0000000B
    __rtentry2.o(.ARM.exidx) refers to __rtentry2.o(.ARM.Collect$$rtentry$$0000000D) for .ARM.Collect$$rtentry$$0000000D
    __rtentry4.o(.ARM.Collect$$rtentry$$00000004) refers to sys_stackheap_outer.o(.text) for __user_setup_stackheap
    __rtentry4.o(.ARM.exidx) refers to __rtentry4.o(.ARM.Collect$$rtentry$$00000004) for .ARM.Collect$$rtentry$$00000004
    rt_div0.o(.text) refers to defsig_fpe_outer.o(.text) for __rt_SIGFPE
    sys_stackheap_outer.o(.text) refers to libspace.o(.text) for __user_perproc_libspace
    sys_stackheap_outer.o(.text) refers to startup.o(.text) for __user_initial_stackheap
    exit.o(.text) refers to rtexit.o(.ARM.Collect$$rtexit$$00000000) for __rt_exit
    defsig_fpe_outer.o(.text) refers to defsig_fpe_inner.o(.text) for __rt_SIGFPE_inner
    defsig_fpe_outer.o(.text) refers to defsig_exit.o(.text) for __sig_exit
    defsig_fpe_formal.o(.text) refers to rt_raise.o(.text) for __rt_raise
    libinit.o(.ARM.Collect$$libinit$$00000000) refers (Special) to libinit2.o(.ARM.Collect$$libinit$$0000002E) for __rt_lib_init_alloca_1
    libinit.o(.ARM.Collect$$libinit$$00000000) refers (Special) to libinit2.o(.ARM.Collect$$libinit$$0000002C) for __rt_lib_init_argv_1
    libinit.o(.ARM.Collect$$libinit$$00000000) refers (Special) to libinit2.o(.ARM.Collect$$libinit$$0000001B) for __rt_lib_init_atexit_1
    libinit.o(.ARM.Collect$$libinit$$00000000) refers (Special) to libinit2.o(.ARM.Collect$$libinit$$00000021) for __rt_lib_init_clock_1
    libinit.o(.ARM.Collect$$libinit$$00000000) refers (Special) to libinit2.o(.ARM.Collect$$libinit$$00000032) for __rt_lib_init_cpp_1
    libinit.o(.ARM.Collect$$libinit$$00000000) refers (Special) to libinit2.o(.ARM.Collect$$libinit$$00000030) for __rt_lib_init_exceptions_1
    libinit.o(.ARM.Collect$$libinit$$00000000) refers (Special) to libinit2.o(.ARM.Collect$$libinit$$00000002) for __rt_lib_init_fp_1
    libinit.o(.ARM.Collect$$libinit$$00000000) refers (Special) to libinit2.o(.ARM.Collect$$libinit$$0000001F) for __rt_lib_init_fp_trap_1
    libinit.o(.ARM.Collect$$libinit$$00000000) refers (Special) to libinit2.o(.ARM.Collect$$libinit$$00000023) for __rt_lib_init_getenv_1
    libinit.o(.ARM.Collect$$libinit$$00000000) refers (Special) to libinit2.o(.ARM.Collect$$libinit$$0000000A) for __rt_lib_init_heap_1
    libinit.o(.ARM.Collect$$libinit$$00000000) refers (Special) to libinit2.o(.ARM.Collect$$libinit$$00000011) for __rt_lib_init_lc_collate_1
    libinit.o(.ARM.Collect$$libinit$$00000000) refers (Special) to libinit2.o(.ARM.Collect$$libinit$$00000013) for __rt_lib_init_lc_ctype_1
    libinit.o(.ARM.Collect$$libinit$$00000000) refers (Special) to libinit2.o(.ARM.Collect$$libinit$$00000015) for __rt_lib_init_lc_monetary_1
    libinit.o(.ARM.Collect$$libinit$$00000000) refers (Special) to libinit2.o(.ARM.Collect$$libinit$$00000017) for __rt_lib_init_lc_numeric_1
    libinit.o(.ARM.Collect$$libinit$$00000000) refers (Special) to libinit2.o(.ARM.Collect$$libinit$$00000019) for __rt_lib_init_lc_time_1
    libinit.o(.ARM.Collect$$libinit$$00000000) refers (Special) to libinit2.o(.ARM.Collect$$libinit$$00000004) for __rt_lib_init_preinit_1
    libinit.o(.ARM.Collect$$libinit$$00000000) refers (Special) to libinit2.o(.ARM.Collect$$libinit$$0000000E) for __rt_lib_init_rand_1
    libinit.o(.ARM.Collect$$libinit$$00000000) refers (Special) to libinit2.o(.ARM.Collect$$libinit$$00000033) for __rt_lib_init_return
    libinit.o(.ARM.Collect$$libinit$$00000000) refers (Special) to libinit2.o(.ARM.Collect$$libinit$$0000001D) for __rt_lib_init_signal_1
    libinit.o(.ARM.Collect$$libinit$$00000000) refers (Special) to libinit2.o(.ARM.Collect$$libinit$$00000025) for __rt_lib_init_stdio_1
    libinit.o(.ARM.Collect$$libinit$$00000000) refers (Special) to libinit2.o(.ARM.Collect$$libinit$$0000000C) for __rt_lib_init_user_alloc_1
    libspace.o(.text) refers to libspace.o(.bss) for __libspace_start
    rtexit.o(.ARM.Collect$$rtexit$$00000000) refers (Special) to rtexit2.o(.ARM.Collect$$rtexit$$00000004) for __rt_exit_exit
    rtexit.o(.ARM.Collect$$rtexit$$00000000) refers (Special) to rtexit2.o(.ARM.Collect$$rtexit$$00000003) for __rt_exit_ls
    rtexit.o(.ARM.Collect$$rtexit$$00000000) refers (Special) to rtexit2.o(.ARM.Collect$$rtexit$$00000002) for __rt_exit_prels_1
    rtexit.o(.ARM.exidx) refers (Special) to rtexit2.o(.ARM.Collect$$rtexit$$00000004) for __rt_exit_exit
    rtexit.o(.ARM.exidx) refers (Special) to rtexit2.o(.ARM.Collect$$rtexit$$00000003) for __rt_exit_ls
    rtexit.o(.ARM.exidx) refers (Special) to rtexit2.o(.ARM.Collect$$rtexit$$00000002) for __rt_exit_prels_1
    rtexit.o(.ARM.exidx) refers to rtexit.o(.ARM.Collect$$rtexit$$00000000) for .ARM.Collect$$rtexit$$00000000
    rt_raise.o(.text) refers to __raise.o(.text) for __raise
    rt_raise.o(.text) refers to sys_exit.o(.text) for _sys_exit
    defsig_exit.o(.text) refers to sys_exit.o(.text) for _sys_exit
    defsig_fpe_inner.o(.text) refers to defsig_general.o(.text) for __default_signal_display
    libinit2.o(.ARM.Collect$$libinit$$00000001) refers to fpinit.o(x$fpl$fpinit) for _fp_init
    libinit2.o(.ARM.Collect$$libinit$$00000010) refers to libinit2.o(.ARM.Collect$$libinit$$0000000F) for .ARM.Collect$$libinit$$0000000F
    libinit2.o(.ARM.Collect$$libinit$$00000012) refers to libinit2.o(.ARM.Collect$$libinit$$0000000F) for .ARM.Collect$$libinit$$0000000F
    libinit2.o(.ARM.Collect$$libinit$$00000014) refers to libinit2.o(.ARM.Collect$$libinit$$0000000F) for .ARM.Collect$$libinit$$0000000F
    libinit2.o(.ARM.Collect$$libinit$$00000016) refers to libinit2.o(.ARM.Collect$$libinit$$0000000F) for .ARM.Collect$$libinit$$0000000F
    libinit2.o(.ARM.Collect$$libinit$$00000018) refers to libinit2.o(.ARM.Collect$$libinit$$0000000F) for .ARM.Collect$$libinit$$0000000F
    libinit2.o(.ARM.Collect$$libinit$$00000026) refers to argv_veneer.o(.emb_text) for __ARM_argv_veneer
    libinit2.o(.ARM.Collect$$libinit$$00000027) refers to argv_veneer.o(.emb_text) for __ARM_argv_veneer
    sys_exit.o(.text) refers (Special) to use_no_semi.o(.text) for __I$use$semihosting
    sys_exit.o(.text) refers (Special) to indicate_semi.o(.text) for __semihosting_library_function
    rtexit2.o(.ARM.Collect$$rtexit$$00000003) refers to libshutdown.o(.ARM.Collect$$libshutdown$$00000000) for __rt_lib_shutdown
    rtexit2.o(.ARM.Collect$$rtexit$$00000004) refers to sys_exit.o(.text) for _sys_exit
    rtexit2.o(.ARM.exidx) refers to rtexit2.o(.ARM.Collect$$rtexit$$00000001) for .ARM.Collect$$rtexit$$00000001
    rtexit2.o(.ARM.exidx) refers to rtexit2.o(.ARM.Collect$$rtexit$$00000003) for .ARM.Collect$$rtexit$$00000003
    rtexit2.o(.ARM.exidx) refers to rtexit2.o(.ARM.Collect$$rtexit$$00000004) for .ARM.Collect$$rtexit$$00000004
    __raise.o(.text) refers to __raise.o(i.__ARM_common_call_via_r2) for __ARM_common_call_via_r2
    __raise.o(.text) refers to defsig.o(CL$$defsig) for __default_signal_handler
    defsig_general.o(.text) refers to sys_wrch.o(.text) for _ttywrch
    argv_veneer.o(.emb_text) refers to no_argv.o(.text) for __ARM_get_argv
    sys_wrch.o(.text) refers (Special) to use_no_semi.o(.text) for __I$use$semihosting
    sys_wrch.o(.text) refers (Special) to indicate_semi.o(.text) for __semihosting_library_function
    defsig.o(CL$$defsig) refers to defsig_fpe_inner.o(.text) for __rt_SIGFPE_inner
    defsig.o(CL$$defsig) refers to defsig_rtmem_inner.o(.text) for __rt_SIGRTMEM_inner
    _get_argv_nomalloc.o(.text) refers (Special) to hrguard.o(.text) for __heap_region$guard
    _get_argv_nomalloc.o(.text) refers to defsig_rtmem_outer.o(.text) for __rt_SIGRTMEM
    _get_argv_nomalloc.o(.text) refers to sys_command.o(.text) for _sys_command_string
    libshutdown.o(.ARM.Collect$$libshutdown$$00000000) refers (Special) to libshutdown2.o(.ARM.Collect$$libshutdown$$00000002) for __rt_lib_shutdown_cpp_1
    libshutdown.o(.ARM.Collect$$libshutdown$$00000000) refers (Special) to libshutdown2.o(.ARM.Collect$$libshutdown$$00000007) for __rt_lib_shutdown_fp_trap_1
    libshutdown.o(.ARM.Collect$$libshutdown$$00000000) refers (Special) to libshutdown2.o(.ARM.Collect$$libshutdown$$0000000F) for __rt_lib_shutdown_heap_1
    libshutdown.o(.ARM.Collect$$libshutdown$$00000000) refers (Special) to libshutdown2.o(.ARM.Collect$$libshutdown$$00000010) for __rt_lib_shutdown_return
    libshutdown.o(.ARM.Collect$$libshutdown$$00000000) refers (Special) to libshutdown2.o(.ARM.Collect$$libshutdown$$0000000A) for __rt_lib_shutdown_signal_1
    libshutdown.o(.ARM.Collect$$libshutdown$$00000000) refers (Special) to libshutdown2.o(.ARM.Collect$$libshutdown$$00000004) for __rt_lib_shutdown_stdio_1
    libshutdown.o(.ARM.Collect$$libshutdown$$00000000) refers (Special) to libshutdown2.o(.ARM.Collect$$libshutdown$$0000000C) for __rt_lib_shutdown_user_alloc_1
    sys_command.o(.text) refers (Special) to use_no_semi.o(.text) for __I$use$semihosting
    sys_command.o(.text) refers (Special) to indicate_semi.o(.text) for __semihosting_library_function
    defsig_abrt_inner.o(.text) refers to defsig_general.o(.text) for __default_signal_display
    defsig_rtred_inner.o(.text) refers to defsig_general.o(.text) for __default_signal_display
    defsig_rtmem_inner.o(.text) refers to defsig_general.o(.text) for __default_signal_display
    defsig_rtmem_outer.o(.text) refers to defsig_rtmem_inner.o(.text) for __rt_SIGRTMEM_inner
    defsig_rtmem_outer.o(.text) refers to defsig_exit.o(.text) for __sig_exit
    defsig_rtmem_formal.o(.text) refers to rt_raise.o(.text) for __rt_raise
    defsig_stak_inner.o(.text) refers to defsig_general.o(.text) for __default_signal_display
    defsig_pvfn_inner.o(.text) refers to defsig_general.o(.text) for __default_signal_display
    defsig_cppl_inner.o(.text) refers to defsig_general.o(.text) for __default_signal_display
    defsig_segv_inner.o(.text) refers to defsig_general.o(.text) for __default_signal_display
    defsig_other.o(.text) refers to defsig_general.o(.text) for __default_signal_display


==============================================================================

Removing Unused input sections from the image.

    Removing partest.o(.text), (80 bytes).

1 unused section(s) (total 80 bytes) removed from the image.

==============================================================================

Adding Veneers to the image

    Adding AT veneer (8 bytes, Inline) for call to '__rt_lib_init' from __rtentry2.o(.ARM.Collect$$rtentry$$0000000A).
    Adding AT veneer (8 bytes, Inline) for call to '__rt_lib_shutdown' from rtexit2.o(.ARM.Collect$$rtexit$$00000003).
    Adding TA veneer (4 bytes, Inline) for call to '__rt_exit' from exit.o(.text).
    Adding TA veneer (4 bytes, Inline) for call to '__aeabi_memcpy' from queue.o(.text).
    Adding TA veneer (4 bytes, Inline) for call to '__aeabi_memset' from tasks.o(.text).
    Adding AT veneer (8 bytes, Inline) for call to '_sys_exit' from rtexit2.o(.ARM.Collect$$rtexit$$00000004).
    Adding TA veneer (4 bytes, Inline) for call to '__aeabi_uidivmod' from serial.o(.text).
    Adding TA veneer (4 bytes, Inline) for call to 'vPortStartFirstTask' from port.o(.text).
    Adding TA veneer (8 bytes, Short) for call to 'vPortYield' from tasks.o(.text).
    Adding TA veneer (4 bytes, Inline) for call to '__ARM_common_disable_irq' from tasks.o(.text).
    Adding TA veneer (4 bytes, Inline) for call to '__ARM_common_enable_irq' from port.o(.text).
    Adding TA veneer (4 bytes, Inline) for call to '__ARM_common_switch8' from tasks.o(.text).
    Adding TA veneer (4 bytes, Inline) for call to '__aeabi_d2f' from main.o(.text).
    Adding TA veneer (4 bytes, Inline) for call to '__aeabi_dmul' from main.o(.text).
    Adding TA veneer (4 bytes, Inline) for call to '__aeabi_drsub' from main.o(.text).
    Adding TA veneer (4 bytes, Inline) for call to '__aeabi_f2d' from main.o(.text).
    Adding TA veneer (4 bytes, Inline) for call to '__aeabi_fdiv' from main.o(.text).
    Adding TA veneer (4 bytes, Inline) for call to '__aeabi_i2f' from main.o(.text).
    Adding TA veneer (4 bytes, Inline) for call to '__aeabi_ui2f' from main.o(.text).

19 Veneer(s) (total 92 bytes) added to the image.

==============================================================================

Image Symbol Table

    Local Symbols

    Symbol Name                              Value     Ov Type        Size  Object(Section)

    RESET                                    0x00000000   Section      260  startup.o(RESET)
    ../clib/angel/boardlib.s                 0x00000000   Number         0  boardinit1.o ABSOLUTE
    ../clib/angel/boardlib.s                 0x00000000   Number         0  boardinit3.o ABSOLUTE
    ../clib/angel/boardlib.s                 0x00000000   Number         0  boardinit2.o ABSOLUTE
    ../clib/angel/boardlib.s                 0x00000000   Number         0  boardshut.o ABSOLUTE
    ../clib/angel/dczerorl2.s                0x00000000   Number         0  __dczerorl2.o ABSOLUTE
    ../clib/angel/handlers.s                 0x00000000   Number         0  __scatter_zi.o ABSOLUTE
    ../clib/angel/kernel.s                   0x00000000   Number         0  __rtentry4.o ABSOLUTE
    ../clib/angel/kernel.s                   0x00000000   Number         0  __rtentry2.o ABSOLUTE
    ../clib/angel/kernel.s                   0x00000000   Number         0  rtexit2.o ABSOLUTE
    ../clib/angel/kernel.s                   0x00000000   Number         0  rtexit.o ABSOLUTE
    ../clib/angel/kernel.s                   0x00000000   Number         0  __rtentry.o ABSOLUTE
    ../clib/angel/rt.s                       0x00000000   Number         0  rt_raise.o ABSOLUTE
    ../clib/angel/rt.s                       0x00000000   Number         0  rt_div0.o ABSOLUTE
    ../clib/angel/rt.s                       0x00000000   Number         0  aeabi_idiv0_sigfpe.o ABSOLUTE
    ../clib/angel/rt.s                       0x00000000   Number         0  aeabi_idiv0.o ABSOLUTE
    ../clib/angel/scatter.s                  0x00000000   Number         0  __scatter.o ABSOLUTE
    ../clib/angel/startup.s                  0x00000000   Number         0  __main.o ABSOLUTE
    ../clib/angel/sys.s                      0x00000000   Number         0  sys_stackheap_outer.o ABSOLUTE
    ../clib/angel/sys.s                      0x00000000   Number         0  use_no_semi.o ABSOLUTE
    ../clib/angel/sys.s                      0x00000000   Number         0  libspace.o ABSOLUTE
    ../clib/angel/sys.s                      0x00000000   Number         0  indicate_semi.o ABSOLUTE
    ../clib/angel/sysapp.c                   0x00000000   Number         0  sys_wrch.o ABSOLUTE
    ../clib/angel/sysapp.c                   0x00000000   Number         0  sys_exit.o ABSOLUTE
    ../clib/angel/sysapp.c                   0x00000000   Number         0  sys_command.o ABSOLUTE
    ../clib/armsys.c                         0x00000000   Number         0  _get_argv_nomalloc.o ABSOLUTE
    ../clib/armsys.c                         0x00000000   Number         0  no_argv.o ABSOLUTE
    ../clib/armsys.c                         0x00000000   Number         0  argv_veneer.o ABSOLUTE
    ../clib/armsys.c                         0x00000000   Number         0  argv_veneer.o ABSOLUTE
    ../clib/division.s                       0x00000000   Number         0  aeabi_sdiv.o ABSOLUTE
    ../clib/division.s                       0x00000000   Number         0  aeabi_sdiv_div0.o ABSOLUTE
    ../clib/divrt.s                          0x00000000   Number         0  divrt_7tdmi_div0.o ABSOLUTE
    ../clib/divrt.s                          0x00000000   Number         0  divrt_7tdmi.o ABSOLUTE
    ../clib/heapalloc.c                      0x00000000   Number         0  hrguard.o ABSOLUTE
    ../clib/heapaux.c                        0x00000000   Number         0  heapauxi.o ABSOLUTE
    ../clib/libinit.s                        0x00000000   Number         0  libshutdown2.o ABSOLUTE
    ../clib/libinit.s                        0x00000000   Number         0  libinit2.o ABSOLUTE
    ../clib/libinit.s                        0x00000000   Number         0  libinit.o ABSOLUTE
    ../clib/libinit.s                        0x00000000   Number         0  libshutdown.o ABSOLUTE
    ../clib/memcpset.s                       0x00000000   Number         0  rt_memcpy_w.o ABSOLUTE
    ../clib/memcpset.s                       0x00000000   Number         0  rt_memclr.o ABSOLUTE
    ../clib/memcpset.s                       0x00000000   Number         0  rt_memclr_w.o ABSOLUTE
    ../clib/memcpset.s                       0x00000000   Number         0  rt_memcpy.o ABSOLUTE
    ../clib/memcpset.s                       0x00000000   Number         0  aeabi_memset.o ABSOLUTE
    ../clib/signal.c                         0x00000000   Number         0  defsig_rtmem_outer.o ABSOLUTE
    ../clib/signal.c                         0x00000000   Number         0  defsig_rtmem_formal.o ABSOLUTE
    ../clib/signal.c                         0x00000000   Number         0  defsig_stak_inner.o ABSOLUTE
    ../clib/signal.c                         0x00000000   Number         0  defsig_pvfn_inner.o ABSOLUTE
    ../clib/signal.c                         0x00000000   Number         0  defsig_cppl_inner.o ABSOLUTE
    ../clib/signal.c                         0x00000000   Number         0  defsig_segv_inner.o ABSOLUTE
    ../clib/signal.c                         0x00000000   Number         0  defsig_other.o ABSOLUTE
    ../clib/signal.c                         0x00000000   Number         0  defsig_rtmem_inner.o ABSOLUTE
    ../clib/signal.c                         0x00000000   Number         0  defsig_fpe_inner.o ABSOLUTE
    ../clib/signal.c                         0x00000000   Number         0  defsig_exit.o ABSOLUTE
    ../clib/signal.c                         0x00000000   Number         0  defsig_rtred_inner.o ABSOLUTE
    ../clib/signal.c                         0x00000000   Number         0  defsig_general.o ABSOLUTE
    ../clib/signal.c                         0x00000000   Number         0  __raise.o ABSOLUTE
    ../clib/signal.c                         0x00000000   Number         0  defsig_fpe_formal.o ABSOLUTE
    ../clib/signal.c                         0x00000000   Number         0  defsig_fpe_outer.o ABSOLUTE
    ../clib/signal.c                         0x00000000   Number         0  defsig_abrt_inner.o ABSOLUTE
    ../clib/signal.s                         0x00000000   Number         0  defsig.o ABSOLUTE
    ../clib/stdlib.c                         0x00000000   Number         0  exit.o ABSOLUTE
    ../fplib/d2f.s                           0x00000000   Number         0  d2f.o ABSOLUTE
    ../fplib/daddsub.s                       0x00000000   Number         0  daddsub_noclz.o ABSOLUTE
    ../fplib/dmul.s                          0x00000000   Number         0  dmul.o ABSOLUTE
    ../fplib/dnaninf.s                       0x00000000   Number         0  dnaninf.o ABSOLUTE
    ../fplib/dretinf.s                       0x00000000   Number         0  dretinf.o ABSOLUTE
    ../fplib/f2d.s                           0x00000000   Number         0  f2d.o ABSOLUTE
    ../fplib/fdiv.s                          0x00000000   Number         0  fdiv.o ABSOLUTE
    ../fplib/fflt.s                          0x00000000   Number         0  fflt_noclz.o ABSOLUTE
    ../fplib/fnaninf.s                       0x00000000   Number         0  fnaninf.o ABSOLUTE
    ../fplib/fpinit.s                        0x00000000   Number         0  fpinit.o ABSOLUTE
    ../fplib/fretinf.s                       0x00000000   Number         0  fretinf.o ABSOLUTE
    ../fplib/usenofp.s                       0x00000000   Number         0  usenofp.o ABSOLUTE
    ..\..\Source\list.c                      0x00000000   Number         0  list.o ABSOLUTE
    ..\..\Source\portable\MemMang\heap_2.c   0x00000000   Number         0  heap_2.o ABSOLUTE
    ..\..\Source\portable\RVDS\ARM7_LPC21xx\port.c 0x00000000   Number         0  port.o ABSOLUTE
    ..\..\Source\portable\RVDS\ARM7_LPC21xx\portASM.s 0x00000000   Number         0  portasm.o ABSOLUTE
    ..\..\Source\queue.c                     0x00000000   Number         0  queue.o ABSOLUTE
    ..\..\Source\tasks.c                     0x00000000   Number         0  tasks.o ABSOLUTE
    ParTest\ParTest.c                        0x00000000   Number         0  partest.o ABSOLUTE
    Starter_Files_V1\Starter_Files_V1\source\GPIO.c 0x00000000   Number         0  gpio.o ABSOLUTE
    Starter_Files_V1\Starter_Files_V1\source\GPIO_cfg.c 0x00000000   Number         0  gpio_cfg.o ABSOLUTE
    Starter_Files_V1\Starter_Files_V1\source\main.c 0x00000000   Number         0  main.o ABSOLUTE
    Starter_Files_V1\Starter_Files_V1\source\serial.c 0x00000000   Number         0  serial.o ABSOLUTE
    Startup.s                                0x00000000   Number         0  startup.o ABSOLUTE
    dc.s                                     0x00000000   Number         0  dc.o ABSOLUTE
    serial\serialISR.s                       0x00000000   Number         0  serialisr.o ABSOLUTE
    Undef_Handler                            0x00000040   ARM Code       4  startup.o(RESET)
    PAbt_Handler                             0x00000048   ARM Code       4  startup.o(RESET)
    DAbt_Handler                             0x0000004c   ARM Code       4  startup.o(RESET)
    IRQ_Handler                              0x00000050   ARM Code       4  startup.o(RESET)
    FIQ_Handler                              0x00000054   ARM Code       4  startup.o(RESET)
    !!!main                                  0x00000104   Section        8  __main.o(!!!main)
    !!!scatter                               0x0000010c   Section       60  __scatter.o(!!!scatter)
    !!dczerorl2                              0x00000148   Section       92  __dczerorl2.o(!!dczerorl2)
    _decompress_loop                         0x00000153   Thumb Code     0  __dczerorl2.o(!!dczerorl2)
    _decompress_zerolen                      0x00000161   Thumb Code     0  __dczerorl2.o(!!dczerorl2)
    _decompress_litn                         0x00000169   Thumb Code     0  __dczerorl2.o(!!dczerorl2)
    _decompress_lit                          0x0000016d   Thumb Code     0  __dczerorl2.o(!!dczerorl2)
    _decompress_copyorzero                   0x00000179   Thumb Code     0  __dczerorl2.o(!!dczerorl2)
    _decompress_zero                         0x00000181   Thumb Code     0  __dczerorl2.o(!!dczerorl2)
    _decompress_copyn                        0x0000018b   Thumb Code     0  __dczerorl2.o(!!dczerorl2)
    _decompress_copy                         0x00000193   Thumb Code     0  __dczerorl2.o(!!dczerorl2)
    _decompress_end                          0x0000019f   Thumb Code     0  __dczerorl2.o(!!dczerorl2)
    !!handler_zi                             0x000001a4   Section       44  __scatter_zi.o(!!handler_zi)
    .ARM.Collect$$libinit$$00000000          0x000001d8   Section        2  libinit.o(.ARM.Collect$$libinit$$00000000)
    .ARM.Collect$$libinit$$00000002          0x000001da   Section        0  libinit2.o(.ARM.Collect$$libinit$$00000002)
    .ARM.Collect$$libinit$$00000004          0x000001da   Section        0  libinit2.o(.ARM.Collect$$libinit$$00000004)
    .ARM.Collect$$libinit$$0000000A          0x000001da   Section        0  libinit2.o(.ARM.Collect$$libinit$$0000000A)
    .ARM.Collect$$libinit$$0000000C          0x000001da   Section        0  libinit2.o(.ARM.Collect$$libinit$$0000000C)
    .ARM.Collect$$libinit$$0000000E          0x000001da   Section        0  libinit2.o(.ARM.Collect$$libinit$$0000000E)
    .ARM.Collect$$libinit$$00000011          0x000001da   Section        0  libinit2.o(.ARM.Collect$$libinit$$00000011)
    .ARM.Collect$$libinit$$00000013          0x000001da   Section        0  libinit2.o(.ARM.Collect$$libinit$$00000013)
    .ARM.Collect$$libinit$$00000015          0x000001da   Section        0  libinit2.o(.ARM.Collect$$libinit$$00000015)
    .ARM.Collect$$libinit$$00000017          0x000001da   Section        0  libinit2.o(.ARM.Collect$$libinit$$00000017)
    .ARM.Collect$$libinit$$00000019          0x000001da   Section        0  libinit2.o(.ARM.Collect$$libinit$$00000019)
    .ARM.Collect$$libinit$$0000001B          0x000001da   Section        0  libinit2.o(.ARM.Collect$$libinit$$0000001B)
    .ARM.Collect$$libinit$$0000001D          0x000001da   Section        0  libinit2.o(.ARM.Collect$$libinit$$0000001D)
    .ARM.Collect$$libinit$$0000001F          0x000001da   Section        0  libinit2.o(.ARM.Collect$$libinit$$0000001F)
    .ARM.Collect$$libinit$$00000021          0x000001da   Section        0  libinit2.o(.ARM.Collect$$libinit$$00000021)
    .ARM.Collect$$libinit$$00000023          0x000001da   Section        0  libinit2.o(.ARM.Collect$$libinit$$00000023)
    .ARM.Collect$$libinit$$00000025          0x000001da   Section        0  libinit2.o(.ARM.Collect$$libinit$$00000025)
    .ARM.Collect$$libinit$$0000002C          0x000001da   Section        0  libinit2.o(.ARM.Collect$$libinit$$0000002C)
    .ARM.Collect$$libinit$$0000002E          0x000001da   Section        0  libinit2.o(.ARM.Collect$$libinit$$0000002E)
    .ARM.Collect$$libinit$$00000030          0x000001da   Section        0  libinit2.o(.ARM.Collect$$libinit$$00000030)
    .ARM.Collect$$libinit$$00000032          0x000001da   Section        0  libinit2.o(.ARM.Collect$$libinit$$00000032)
    .ARM.Collect$$libinit$$00000033          0x000001da   Section       12  libinit2.o(.ARM.Collect$$libinit$$00000033)
    .ARM.Collect$$libshutdown$$00000000      0x000001f0   Section        4  libshutdown.o(.ARM.Collect$$libshutdown$$00000000)
    .ARM.Collect$$libshutdown$$00000002      0x000001f4   Section        0  libshutdown2.o(.ARM.Collect$$libshutdown$$00000002)
    .ARM.Collect$$libshutdown$$00000004      0x000001f4   Section        0  libshutdown2.o(.ARM.Collect$$libshutdown$$00000004)
    .ARM.Collect$$libshutdown$$00000007      0x000001f4   Section        0  libshutdown2.o(.ARM.Collect$$libshutdown$$00000007)
    .ARM.Collect$$libshutdown$$0000000A      0x000001f4   Section        0  libshutdown2.o(.ARM.Collect$$libshutdown$$0000000A)
    .ARM.Collect$$libshutdown$$0000000C      0x000001f4   Section        0  libshutdown2.o(.ARM.Collect$$libshutdown$$0000000C)
    .ARM.Collect$$libshutdown$$0000000F      0x000001f4   Section        0  libshutdown2.o(.ARM.Collect$$libshutdown$$0000000F)
    .ARM.Collect$$libshutdown$$00000010      0x000001f4   Section        6  libshutdown2.o(.ARM.Collect$$libshutdown$$00000010)
    .ARM.Collect$$rtentry$$00000000          0x000001fc   Section        0  __rtentry.o(.ARM.Collect$$rtentry$$00000000)
    .ARM.Collect$$rtentry$$00000002          0x000001fc   Section        0  __rtentry2.o(.ARM.Collect$$rtentry$$00000002)
    .ARM.Collect$$rtentry$$00000004          0x000001fc   Section        8  __rtentry4.o(.ARM.Collect$$rtentry$$00000004)
    .ARM.Collect$$rtentry$$00000009          0x00000204   Section        0  __rtentry2.o(.ARM.Collect$$rtentry$$00000009)
    .ARM.Collect$$rtentry$$0000000A          0x00000204   Section        4  __rtentry2.o(.ARM.Collect$$rtentry$$0000000A)
    .ARM.Collect$$rtentry$$0000000C          0x00000208   Section        0  __rtentry2.o(.ARM.Collect$$rtentry$$0000000C)
    .ARM.Collect$$rtentry$$0000000D          0x00000208   Section       40  __rtentry2.o(.ARM.Collect$$rtentry$$0000000D)
    .ARM.Collect$$rtexit$$00000000           0x00000234   Section        4  rtexit.o(.ARM.Collect$$rtexit$$00000000)
    .ARM.Collect$$rtexit$$00000002           0x00000238   Section        0  rtexit2.o(.ARM.Collect$$rtexit$$00000002)
    .ARM.Collect$$rtexit$$00000003           0x00000238   Section        4  rtexit2.o(.ARM.Collect$$rtexit$$00000003)
    .ARM.Collect$$rtexit$$00000004           0x0000023c   Section        8  rtexit2.o(.ARM.Collect$$rtexit$$00000004)
    .text                                    0x00000244   Section       32  startup.o(.text)
    .text                                    0x00000264   Section      148  serialisr.o(.text)
    .text                                    0x000002f8   Section        0  gpio.o(.text)
    .text                                    0x00000454   Section        0  main.o(.text)
    configTimer1                             0x00000721   Thumb Code    22  main.o(.text)
    prvSetupHardware                         0x00000737   Thumb Code    30  main.o(.text)
    .text                                    0x000008fc   Section        0  serial.o(.text)
    .text                                    0x00000aa0   Section        0  tasks.o(.text)
    prvInitialiseTaskLists                   0x00000aa1   Thumb Code    78  tasks.o(.text)
    prvAddNewTaskToReadyList                 0x00000aef   Thumb Code   142  tasks.o(.text)
    prvInitialiseNewTask                     0x00000b7d   Thumb Code   166  tasks.o(.text)
    prvDeleteTCB                             0x00000cf1   Thumb Code    22  tasks.o(.text)
    prvResetNextTaskUnblockTime              0x00000d07   Thumb Code    44  tasks.o(.text)
    prvAddCurrentTaskToDelayedList           0x00001053   Thumb Code   144  tasks.o(.text)
    prvTaskIsTaskSuspended                   0x00001535   Thumb Code    66  tasks.o(.text)
    prvCheckTasksWaitingTermination          0x00001631   Thumb Code    64  tasks.o(.text)
    prvIdleTask                              0x00001671   Thumb Code    38  tasks.o(.text)
    prvTaskCheckFreeStackSpace               0x0000181d   Thumb Code    24  tasks.o(.text)
    prvListTasksWithinSingleList             0x000018b7   Thumb Code   110  tasks.o(.text)
    .text                                    0x000021b0   Section        0  list.o(.text)
    .text                                    0x00002248   Section        0  queue.o(.text)
    prvInitialiseNewQueue                    0x000022e1   Thumb Code    48  queue.o(.text)
    prvUnlockQueue                           0x0000236b   Thumb Code   150  queue.o(.text)
    prvIsQueueFull                           0x00002401   Thumb Code    34  queue.o(.text)
    prvCopyDataToQueue                       0x00002423   Thumb Code   112  queue.o(.text)
    prvIsQueueEmpty                          0x0000267d   Thumb Code    32  queue.o(.text)
    prvCopyDataFromQueue                     0x0000269d   Thumb Code    48  queue.o(.text)
    .text                                    0x00002ac8   Section        0  port.o(.text)
    prvSetupTimerInterrupt                   0x00002b49   Thumb Code    60  port.o(.text)
    .text                                    0x00002c20   Section        0  heap_2.o(.text)
    prvHeapInit                              0x00002c21   Thumb Code    38  heap_2.o(.text)
    .text                                    0x00002d68   Section      212  rt_memcpy.o(.text)
    .text                                    0x00002e40   Section       16  aeabi_memset.o(.text)
    .text                                    0x00002e50   Section      384  aeabi_sdiv.o(.text)
    __arm_div8                               0x00002e7c   ARM Code       0  aeabi_sdiv.o(.text)
    __arm_div5                               0x00002ea0   ARM Code       0  aeabi_sdiv.o(.text)
    __arm_div2                               0x00002ec4   ARM Code       0  aeabi_sdiv.o(.text)
    __arm_div_large                          0x00002f00   ARM Code       0  aeabi_sdiv.o(.text)
    .text                                    0x00002fd0   Section        0  heapauxi.o(.text)
    .text                                    0x00002fd8   Section      100  rt_memcpy_w.o(.text)
    .text                                    0x0000303c   Section       64  rt_memclr.o(.text)
    .text                                    0x0000307c   Section       84  rt_memclr_w.o(.text)
    .text                                    0x000030d0   Section       96  sys_stackheap_outer.o(.text)
    .text                                    0x00003130   Section        0  exit.o(.text)
    .text                                    0x00003144   Section       12  libspace.o(.text)
    .text                                    0x00003158   Section        0  sys_exit.o(.text)
    .text                                    0x00003164   Section        4  use_no_semi.o(.text)
    .text                                    0x00003168   Section        0  indicate_semi.o(.text)
    .text_udiv                               0x0000316c   Section       36  aeabi_sdiv.o(.text_udiv)
    PORT_ASM                                 0x00003194   Section      396  portasm.o(PORT_ASM)
    i.__ARM_common_call_via_r1               0x00003328   Section        0  tasks.o(i.__ARM_common_call_via_r1)
    i.__ARM_common_disable_irq               0x00003330   Section        0  tasks.o(i.__ARM_common_disable_irq)
    i.__ARM_common_enable_irq                0x00003348   Section        0  port.o(i.__ARM_common_enable_irq)
    i.__ARM_common_switch8                   0x0000335c   Section        0  tasks.o(i.__ARM_common_switch8)
    x$fpl$d2f                                0x00003380   Section      108  d2f.o(x$fpl$d2f)
    x$fpl$dadd                               0x000033ec   Section      340  daddsub_noclz.o(x$fpl$dadd)
    _dadd1                                   0x000033fc   ARM Code       0  daddsub_noclz.o(x$fpl$dadd)
    x$fpl$dmul                               0x00003544   Section      384  dmul.o(x$fpl$dmul)
    x$fpl$dnaninf                            0x000036c4   Section      192  dnaninf.o(x$fpl$dnaninf)
    x$fpl$dretinf                            0x00003784   Section       16  dretinf.o(x$fpl$dretinf)
    x$fpl$drsb                               0x00003798   Section       24  daddsub_noclz.o(x$fpl$drsb)
    x$fpl$dsub                               0x000037b0   Section      580  daddsub_noclz.o(x$fpl$dsub)
    _dsub1                                   0x000037c0   ARM Code       0  daddsub_noclz.o(x$fpl$dsub)
    x$fpl$f2d                                0x000039f8   Section      100  f2d.o(x$fpl$f2d)
    x$fpl$fdiv                               0x00003a60   Section      400  fdiv.o(x$fpl$fdiv)
    _fdiv1                                   0x00003a60   ARM Code       0  fdiv.o(x$fpl$fdiv)
    x$fpl$fflt                               0x00003bf4   Section       92  fflt_noclz.o(x$fpl$fflt)
    x$fpl$ffltu                              0x00003c54   Section        8  fflt_noclz.o(x$fpl$ffltu)
    x$fpl$fnaninf                            0x00003c5c   Section      168  fnaninf.o(x$fpl$fnaninf)
    x$fpl$fretinf                            0x00003d04   Section       16  fretinf.o(x$fpl$fretinf)
    x$fpl$usenofp                            0x00003d14   Section        0  usenofp.o(x$fpl$usenofp)
    .data                                    0x40000000   Section       92  gpio_cfg.o(.data)
    .data                                    0x4000005c   Section      148  main.o(.data)
    lastState                                0x400000ec   Data           1  main.o(.data)
    messageState                             0x400000ed   Data           1  main.o(.data)
    lastState                                0x400000ee   Data           1  main.o(.data)
    messageState                             0x400000ef   Data           1  main.o(.data)
    .data                                    0x400000f0   Section        4  serial.o(.data)
    .data                                    0x400000f4   Section       64  tasks.o(.data)
    pxDelayedTaskList                        0x400000f8   Data           4  tasks.o(.data)
    pxOverflowDelayedTaskList                0x400000fc   Data           4  tasks.o(.data)
    uxDeletedTasksWaitingCleanUp             0x40000100   Data           4  tasks.o(.data)
    uxCurrentNumberOfTasks                   0x40000104   Data           4  tasks.o(.data)
    xTickCount                               0x40000108   Data           4  tasks.o(.data)
    uxTopReadyPriority                       0x4000010c   Data           4  tasks.o(.data)
    xSchedulerRunning                        0x40000110   Data           4  tasks.o(.data)
    xPendedTicks                             0x40000114   Data           4  tasks.o(.data)
    xYieldPending                            0x40000118   Data           4  tasks.o(.data)
    xNumOfOverflows                          0x4000011c   Data           4  tasks.o(.data)
    uxTaskNumber                             0x40000120   Data           4  tasks.o(.data)
    xNextTaskUnblockTime                     0x40000124   Data           4  tasks.o(.data)
    xIdleTaskHandle                          0x40000128   Data           4  tasks.o(.data)
    uxSchedulerSuspended                     0x40000130   Data           4  tasks.o(.data)
    .data                                    0x40000134   Section        4  port.o(.data)
    .data                                    0x40000138   Section       24  heap_2.o(.data)
    xStart                                   0x40000138   Data           8  heap_2.o(.data)
    xEnd                                     0x40000140   Data           8  heap_2.o(.data)
    xFreeBytesRemaining                      0x40000148   Data           4  heap_2.o(.data)
    xHeapHasBeenInitialised                  0x4000014c   Data           4  heap_2.o(.data)
    .bss                                     0x40000150   Section      200  serial.o(.bss)
    .bss                                     0x40000218   Section      240  tasks.o(.bss)
    pxReadyTasksLists                        0x40000218   Data         120  tasks.o(.bss)
    xDelayedTaskList1                        0x40000290   Data          20  tasks.o(.bss)
    xDelayedTaskList2                        0x400002a4   Data          20  tasks.o(.bss)
    xPendingReadyList                        0x400002b8   Data          20  tasks.o(.bss)
    xReadyTasksListEDF                       0x400002cc   Data          20  tasks.o(.bss)
    xTasksWaitingTermination                 0x400002e0   Data          20  tasks.o(.bss)
    xSuspendedTaskList                       0x400002f4   Data          20  tasks.o(.bss)
    .bss                                     0x40000308   Section    13312  heap_2.o(.bss)
    ucHeap                                   0x40000308   Data       13312  heap_2.o(.bss)
    .bss                                     0x40003708   Section       96  libspace.o(.bss)
    HEAP                                     0x40003768   Section        0  startup.o(HEAP)
    STACK                                    0x40003768   Section     1568  startup.o(STACK)
    Heap_Mem                                 0x40003768   Data           0  startup.o(HEAP)
    Stack_Mem                                0x40003768   Data        1568  startup.o(STACK)
    Stack_Top                                0x40003d88   Data           0  startup.o(STACK)

    Global Symbols

    Symbol Name                              Value     Ov Type        Size  Object(Section)

    BuildAttributes$$THM_ISAv1$ARM_ISAv4$S$PE$A:L22$X:L11$S22$IEEE1$IW$USESV6$~STKCKD$USESV7$~SHL$OSPACE$ROPI$EBA8$UX$STANDARDLIB$REQ8$PRES8$EABIv2 0x00000000   Number         0  anon$$obj.o ABSOLUTE
    __ARM_use_no_argv                        0x00000000   Number         0  main.o ABSOLUTE
    __ARM_exceptions_init                     - Undefined Weak Reference
    __alloca_initialize                       - Undefined Weak Reference
    __arm_preinit_                            - Undefined Weak Reference
    __cpp_initialize__aeabi_                  - Undefined Weak Reference
    __cxa_finalize                            - Undefined Weak Reference
    __rt_locale                               - Undefined Weak Reference
    __sigvec_lookup                           - Undefined Weak Reference
    _atexit_init                              - Undefined Weak Reference
    _call_atexit_fns                          - Undefined Weak Reference
    _clock_init                               - Undefined Weak Reference
    _fp_trap_init                             - Undefined Weak Reference
    _fp_trap_shutdown                         - Undefined Weak Reference
    _get_lc_collate                           - Undefined Weak Reference
    _get_lc_ctype                             - Undefined Weak Reference
    _get_lc_monetary                          - Undefined Weak Reference
    _get_lc_numeric                           - Undefined Weak Reference
    _get_lc_time                              - Undefined Weak Reference
    _getenv_init                              - Undefined Weak Reference
    _handle_redirection                       - Undefined Weak Reference
    _init_alloc                               - Undefined Weak Reference
    _init_user_alloc                          - Undefined Weak Reference
    _initio                                   - Undefined Weak Reference
    _rand_init                                - Undefined Weak Reference
    _signal_finish                            - Undefined Weak Reference
    _signal_init                              - Undefined Weak Reference
    _terminate_alloc                          - Undefined Weak Reference
    _terminate_user_alloc                     - Undefined Weak Reference
    _terminateio                              - Undefined Weak Reference
    Reset_Handler                            0x00000058   ARM Code       0  startup.o(RESET)
    __main                                   0x00000104   ARM Code       8  __main.o(!!!main)
    __scatterload                            0x0000010c   ARM Code       0  __scatter.o(!!!scatter)
    __scatterload_rt2                        0x0000010c   ARM Code      52  __scatter.o(!!!scatter)
    __scatterload_null                       0x00000120   ARM Code       0  __scatter.o(!!!scatter)
    __decompress                             0x00000148   ARM Code      92  __dczerorl2.o(!!dczerorl2)
    __decompress1                            0x00000148   ARM Code       0  __dczerorl2.o(!!dczerorl2)
    __scatterload_zeroinit                   0x000001a4   ARM Code      44  __scatter_zi.o(!!handler_zi)
    Inline ARM to Thumb Veneer to __rt_lib_init 0x000001d0   ARM Code       8  libinit.o(.ARM.Collect$$libinit$$00000000)
    __rt_lib_init                            0x000001d9   Thumb Code     0  libinit.o(.ARM.Collect$$libinit$$00000000)
    __rt_lib_init_alloca_1                   0x000001db   Thumb Code     0  libinit2.o(.ARM.Collect$$libinit$$0000002E)
    __rt_lib_init_argv_1                     0x000001db   Thumb Code     0  libinit2.o(.ARM.Collect$$libinit$$0000002C)
    __rt_lib_init_atexit_1                   0x000001db   Thumb Code     0  libinit2.o(.ARM.Collect$$libinit$$0000001B)
    __rt_lib_init_clock_1                    0x000001db   Thumb Code     0  libinit2.o(.ARM.Collect$$libinit$$00000021)
    __rt_lib_init_cpp_1                      0x000001db   Thumb Code     0  libinit2.o(.ARM.Collect$$libinit$$00000032)
    __rt_lib_init_exceptions_1               0x000001db   Thumb Code     0  libinit2.o(.ARM.Collect$$libinit$$00000030)
    __rt_lib_init_fp_1                       0x000001db   Thumb Code     0  libinit2.o(.ARM.Collect$$libinit$$00000002)
    __rt_lib_init_fp_trap_1                  0x000001db   Thumb Code     0  libinit2.o(.ARM.Collect$$libinit$$0000001F)
    __rt_lib_init_getenv_1                   0x000001db   Thumb Code     0  libinit2.o(.ARM.Collect$$libinit$$00000023)
    __rt_lib_init_heap_1                     0x000001db   Thumb Code     0  libinit2.o(.ARM.Collect$$libinit$$0000000A)
    __rt_lib_init_lc_collate_1               0x000001db   Thumb Code     0  libinit2.o(.ARM.Collect$$libinit$$00000011)
    __rt_lib_init_lc_ctype_1                 0x000001db   Thumb Code     0  libinit2.o(.ARM.Collect$$libinit$$00000013)
    __rt_lib_init_lc_monetary_1              0x000001db   Thumb Code     0  libinit2.o(.ARM.Collect$$libinit$$00000015)
    __rt_lib_init_lc_numeric_1               0x000001db   Thumb Code     0  libinit2.o(.ARM.Collect$$libinit$$00000017)
    __rt_lib_init_lc_time_1                  0x000001db   Thumb Code     0  libinit2.o(.ARM.Collect$$libinit$$00000019)
    __rt_lib_init_preinit_1                  0x000001db   Thumb Code     0  libinit2.o(.ARM.Collect$$libinit$$00000004)
    __rt_lib_init_rand_1                     0x000001db   Thumb Code     0  libinit2.o(.ARM.Collect$$libinit$$0000000E)
    __rt_lib_init_return                     0x000001db   Thumb Code     0  libinit2.o(.ARM.Collect$$libinit$$00000033)
    __rt_lib_init_signal_1                   0x000001db   Thumb Code     0  libinit2.o(.ARM.Collect$$libinit$$0000001D)
    __rt_lib_init_stdio_1                    0x000001db   Thumb Code     0  libinit2.o(.ARM.Collect$$libinit$$00000025)
    __rt_lib_init_user_alloc_1               0x000001db   Thumb Code     0  libinit2.o(.ARM.Collect$$libinit$$0000000C)
    Inline ARM to Thumb Veneer to __rt_lib_shutdown 0x000001e8   ARM Code       8  libshutdown.o(.ARM.Collect$$libshutdown$$00000000)
    __rt_lib_shutdown                        0x000001f1   Thumb Code     0  libshutdown.o(.ARM.Collect$$libshutdown$$00000000)
    __rt_lib_shutdown_cpp_1                  0x000001f5   Thumb Code     0  libshutdown2.o(.ARM.Collect$$libshutdown$$00000002)
    __rt_lib_shutdown_fp_trap_1              0x000001f5   Thumb Code     0  libshutdown2.o(.ARM.Collect$$libshutdown$$00000007)
    __rt_lib_shutdown_heap_1                 0x000001f5   Thumb Code     0  libshutdown2.o(.ARM.Collect$$libshutdown$$0000000F)
    __rt_lib_shutdown_return                 0x000001f5   Thumb Code     0  libshutdown2.o(.ARM.Collect$$libshutdown$$00000010)
    __rt_lib_shutdown_signal_1               0x000001f5   Thumb Code     0  libshutdown2.o(.ARM.Collect$$libshutdown$$0000000A)
    __rt_lib_shutdown_stdio_1                0x000001f5   Thumb Code     0  libshutdown2.o(.ARM.Collect$$libshutdown$$00000004)
    __rt_lib_shutdown_user_alloc_1           0x000001f5   Thumb Code     0  libshutdown2.o(.ARM.Collect$$libshutdown$$0000000C)
    __rt_entry                               0x000001fc   ARM Code       0  __rtentry.o(.ARM.Collect$$rtentry$$00000000)
    __rt_entry_presh_1                       0x000001fc   ARM Code       0  __rtentry2.o(.ARM.Collect$$rtentry$$00000002)
    __rt_entry_sh                            0x000001fc   ARM Code       0  __rtentry4.o(.ARM.Collect$$rtentry$$00000004)
    __rt_entry_li                            0x00000204   ARM Code       0  __rtentry2.o(.ARM.Collect$$rtentry$$0000000A)
    __rt_entry_postsh_1                      0x00000204   ARM Code       0  __rtentry2.o(.ARM.Collect$$rtentry$$00000009)
    __rt_entry_main                          0x00000208   ARM Code       0  __rtentry2.o(.ARM.Collect$$rtentry$$0000000D)
    __rt_entry_postli_1                      0x00000208   ARM Code       0  __rtentry2.o(.ARM.Collect$$rtentry$$0000000C)
    Inline Thumb to ARM Veneer to __rt_exit  0x00000231   Thumb Code     4  rtexit.o(.ARM.Collect$$rtexit$$00000000)
    __rt_exit                                0x00000234   ARM Code       0  rtexit.o(.ARM.Collect$$rtexit$$00000000)
    __rt_exit_ls                             0x00000238   ARM Code       0  rtexit2.o(.ARM.Collect$$rtexit$$00000003)
    __rt_exit_prels_1                        0x00000238   ARM Code       0  rtexit2.o(.ARM.Collect$$rtexit$$00000002)
    __rt_exit_exit                           0x0000023c   ARM Code       0  rtexit2.o(.ARM.Collect$$rtexit$$00000004)
    __user_initial_stackheap                 0x00000244   ARM Code       0  startup.o(.text)
    vUART_ISREntry                           0x00000264   ARM Code       0  serialisr.o(.text)
    GPIO_init                                0x000002f9   Thumb Code   198  gpio.o(.text)
    GPIO_read                                0x000003bf   Thumb Code    40  gpio.o(.text)
    GPIO_write                               0x000003e7   Thumb Code    96  gpio.o(.text)
    Button_1_Monitor                         0x00000455   Thumb Code   146  main.o(.text)
    Button_2_Monitor                         0x000004e7   Thumb Code   150  main.o(.text)
    Periodic_Transmitter                     0x0000057d   Thumb Code    74  main.o(.text)
    Uart_Receiver                            0x000005c7   Thumb Code   100  main.o(.text)
    Load_1_Simulation                        0x0000062b   Thumb Code    76  main.o(.text)
    Load_2_Simulation                        0x00000677   Thumb Code    72  main.o(.text)
    vApplicationTickHook                     0x000006bf   Thumb Code    98  main.o(.text)
    main                                     0x00000755   Thumb Code   172  main.o(.text)
    timer1Reset                              0x00000801   Thumb Code    26  main.o(.text)
    xSerialPortInitMinimal                   0x000008fd   Thumb Code   124  serial.o(.text)
    xSerialGetChar                           0x00000979   Thumb Code    34  serial.o(.text)
    xSerialPutChar                           0x0000099b   Thumb Code     6  serial.o(.text)
    vSerialPutString                         0x000009a1   Thumb Code    84  serial.o(.text)
    vUART_ISRHandler                         0x000009f5   Thumb Code   122  serial.o(.text)
    xTaskCreate                              0x00000c23   Thumb Code    96  tasks.o(.text)
    xTaskPeriodicCreate                      0x00000c83   Thumb Code   110  tasks.o(.text)
    vTaskDelete                              0x00000d33   Thumb Code   138  tasks.o(.text)
    xTaskIncrementTick                       0x00000dbd   Thumb Code   414  tasks.o(.text)
    xTaskResumeAll                           0x00000f5b   Thumb Code   248  tasks.o(.text)
    vTaskSuspendAll                          0x000010e3   Thumb Code    12  tasks.o(.text)
    xTaskDelayUntil                          0x000010ef   Thumb Code    98  tasks.o(.text)
    vTaskDelay                               0x00001151   Thumb Code    42  tasks.o(.text)
    eTaskGetState                            0x0000117b   Thumb Code   126  tasks.o(.text)
    uxTaskPriorityGet                        0x000011f9   Thumb Code    36  tasks.o(.text)
    uxTaskPriorityGetFromISR                 0x0000121d   Thumb Code    26  tasks.o(.text)
    vTaskPrioritySet                         0x00001237   Thumb Code   242  tasks.o(.text)
    vTaskSwitchContext                       0x00001329   Thumb Code   370  tasks.o(.text)
    vTaskSuspend                             0x0000149b   Thumb Code   154  tasks.o(.text)
    vTaskResume                              0x00001577   Thumb Code    88  tasks.o(.text)
    xTaskResumeFromISR                       0x000015cf   Thumb Code    98  tasks.o(.text)
    vTaskStartScheduler                      0x00001697   Thumb Code   310  tasks.o(.text)
    vTaskEndScheduler                        0x000017cd   Thumb Code    22  tasks.o(.text)
    xTaskGetTickCount                        0x000017e3   Thumb Code    22  tasks.o(.text)
    xTaskGetTickCountFromISR                 0x000017f9   Thumb Code     8  tasks.o(.text)
    uxTaskGetNumberOfTasks                   0x00001801   Thumb Code     6  tasks.o(.text)
    pcTaskGetName                            0x00001807   Thumb Code    22  tasks.o(.text)
    vTaskGetInfo                             0x00001835   Thumb Code   130  tasks.o(.text)
    uxTaskGetSystemState                     0x00001925   Thumb Code   142  tasks.o(.text)
    xTaskCatchUpTicks                        0x000019b3   Thumb Code    32  tasks.o(.text)
    vTaskSetApplicationTaskTag               0x000019d3   Thumb Code    34  tasks.o(.text)
    xTaskGetApplicationTaskTag               0x000019f5   Thumb Code    36  tasks.o(.text)
    xTaskGetApplicationTaskTagFromISR        0x00001a19   Thumb Code    26  tasks.o(.text)
    xTaskCallApplicationTaskHook             0x00001a33   Thumb Code    46  tasks.o(.text)
    vTaskPlaceOnEventList                    0x00001a61   Thumb Code    32  tasks.o(.text)
    vTaskPlaceOnUnorderedEventList           0x00001a81   Thumb Code    80  tasks.o(.text)
    xTaskRemoveFromEventList                 0x00001ad1   Thumb Code   246  tasks.o(.text)
    vTaskRemoveFromUnorderedEventList        0x00001bc7   Thumb Code   134  tasks.o(.text)
    vTaskSetTimeOutState                     0x00001c4d   Thumb Code    30  tasks.o(.text)
    vTaskInternalSetTimeOutState             0x00001c6b   Thumb Code    14  tasks.o(.text)
    xTaskCheckForTimeOut                     0x00001c79   Thumb Code    94  tasks.o(.text)
    vTaskMissedYield                         0x00001cd7   Thumb Code     8  tasks.o(.text)
    uxTaskGetTaskNumber                      0x00001cdf   Thumb Code    16  tasks.o(.text)
    vTaskSetTaskNumber                       0x00001cef   Thumb Code    10  tasks.o(.text)
    uxTaskResetEventItemValue                0x00001cf9   Thumb Code    24  tasks.o(.text)
    ulTaskGenericNotifyTake                  0x00001d11   Thumb Code   124  tasks.o(.text)
    xTaskGenericNotifyWait                   0x00001d8d   Thumb Code   152  tasks.o(.text)
    xTaskGenericNotify                       0x00001e25   Thumb Code   242  tasks.o(.text)
    xTaskGenericNotifyFromISR                0x00001f17   Thumb Code   326  tasks.o(.text)
    vTaskGenericNotifyGiveFromISR            0x0000205d   Thumb Code   188  tasks.o(.text)
    xTaskGenericNotifyStateClear             0x00002119   Thumb Code    60  tasks.o(.text)
    ulTaskGenericNotifyValueClear            0x00002155   Thumb Code    66  tasks.o(.text)
    vListInitialise                          0x000021b1   Thumb Code    26  list.o(.text)
    vListInitialiseItem                      0x000021cb   Thumb Code     6  list.o(.text)
    vListInsertEnd                           0x000021d1   Thumb Code    24  list.o(.text)
    vListInsert                              0x000021e9   Thumb Code    56  list.o(.text)
    uxListRemove                             0x00002221   Thumb Code    40  list.o(.text)
    xQueueGenericReset                       0x00002249   Thumb Code   152  queue.o(.text)
    xQueueGenericCreate                      0x00002311   Thumb Code    90  queue.o(.text)
    xQueueGenericSend                        0x00002493   Thumb Code   256  queue.o(.text)
    xQueueGenericSendFromISR                 0x00002593   Thumb Code   126  queue.o(.text)
    xQueueGiveFromISR                        0x00002611   Thumb Code   108  queue.o(.text)
    xQueueReceive                            0x000026cd   Thumb Code   242  queue.o(.text)
    xQueueSemaphoreTake                      0x000027bf   Thumb Code   234  queue.o(.text)
    xQueuePeek                               0x000028a9   Thumb Code   246  queue.o(.text)
    xQueueReceiveFromISR                     0x0000299f   Thumb Code   118  queue.o(.text)
    xQueuePeekFromISR                        0x00002a15   Thumb Code    44  queue.o(.text)
    uxQueueMessagesWaiting                   0x00002a41   Thumb Code    22  queue.o(.text)
    uxQueueSpacesAvailable                   0x00002a57   Thumb Code    28  queue.o(.text)
    uxQueueMessagesWaitingFromISR            0x00002a73   Thumb Code     8  queue.o(.text)
    vQueueDelete                             0x00002a7b   Thumb Code    18  queue.o(.text)
    uxQueueGetQueueNumber                    0x00002a8d   Thumb Code     6  queue.o(.text)
    vQueueSetQueueNumber                     0x00002a93   Thumb Code     4  queue.o(.text)
    ucQueueGetQueueType                      0x00002a97   Thumb Code     8  queue.o(.text)
    xQueueIsQueueEmptyFromISR                0x00002a9f   Thumb Code    18  queue.o(.text)
    xQueueIsQueueFullFromISR                 0x00002ab1   Thumb Code    24  queue.o(.text)
    pxPortInitialiseStack                    0x00002ac9   Thumb Code   128  port.o(.text)
    xPortStartScheduler                      0x00002b85   Thumb Code    18  port.o(.text)
    vPortEndScheduler                        0x00002b97   Thumb Code     2  port.o(.text)
    vPortEnterCritical                       0x00002b99   Thumb Code    22  port.o(.text)
    vPortExitCritical                        0x00002baf   Thumb Code    38  port.o(.text)
    pvPortMalloc                             0x00002c47   Thumb Code   192  heap_2.o(.text)
    vPortFree                                0x00002d07   Thumb Code    62  heap_2.o(.text)
    xPortGetFreeHeapSize                     0x00002d45   Thumb Code     6  heap_2.o(.text)
    vPortInitialiseBlocks                    0x00002d4b   Thumb Code     2  heap_2.o(.text)
    Inline Thumb to ARM Veneer to __aeabi_memcpy 0x00002d65   Thumb Code     4  rt_memcpy.o(.text)
    __aeabi_memcpy                           0x00002d68   ARM Code       0  rt_memcpy.o(.text)
    __rt_memcpy                              0x00002d68   ARM Code     212  rt_memcpy.o(.text)
    _memcpy_lastbytes                        0x00002e1c   ARM Code       0  rt_memcpy.o(.text)
    Inline Thumb to ARM Veneer to __aeabi_memset 0x00002e3d   Thumb Code     4  aeabi_memset.o(.text)
    __aeabi_memset                           0x00002e40   ARM Code      16  aeabi_memset.o(.text)
    __aeabi_idiv                             0x00002e50   ARM Code       0  aeabi_sdiv.o(.text)
    __aeabi_idivmod                          0x00002e50   ARM Code     384  aeabi_sdiv.o(.text)
    __use_two_region_memory                  0x00002fd1   Thumb Code     2  heapauxi.o(.text)
    __rt_heap_escrow$2region                 0x00002fd3   Thumb Code     2  heapauxi.o(.text)
    __rt_heap_expand$2region                 0x00002fd5   Thumb Code     2  heapauxi.o(.text)
    __aeabi_memcpy4                          0x00002fd8   ARM Code       0  rt_memcpy_w.o(.text)
    __aeabi_memcpy8                          0x00002fd8   ARM Code       0  rt_memcpy_w.o(.text)
    __rt_memcpy_w                            0x00002fd8   ARM Code     100  rt_memcpy_w.o(.text)
    _memcpy_lastbytes_aligned                0x00003024   ARM Code       0  rt_memcpy_w.o(.text)
    __aeabi_memclr                           0x0000303c   ARM Code       0  rt_memclr.o(.text)
    __rt_memclr                              0x0000303c   ARM Code      64  rt_memclr.o(.text)
    _memset                                  0x00003040   ARM Code       0  rt_memclr.o(.text)
    __aeabi_memclr4                          0x0000307c   ARM Code       0  rt_memclr_w.o(.text)
    __aeabi_memclr8                          0x0000307c   ARM Code       0  rt_memclr_w.o(.text)
    __rt_memclr_w                            0x0000307c   ARM Code      84  rt_memclr_w.o(.text)
    _memset_w                                0x00003080   ARM Code       0  rt_memclr_w.o(.text)
    __user_setup_stackheap                   0x000030d0   ARM Code      96  sys_stackheap_outer.o(.text)
    exit                                     0x00003131   Thumb Code    20  exit.o(.text)
    __user_libspace                          0x00003144   ARM Code      12  libspace.o(.text)
    __user_perproc_libspace                  0x00003144   ARM Code       0  libspace.o(.text)
    __user_perthread_libspace                0x00003144   ARM Code       0  libspace.o(.text)
    Inline ARM to Thumb Veneer to _sys_exit  0x00003150   ARM Code       8  sys_exit.o(.text)
    _sys_exit                                0x00003159   Thumb Code     8  sys_exit.o(.text)
    __I$use$semihosting                      0x00003164   ARM Code       0  use_no_semi.o(.text)
    __use_no_semihosting_swi                 0x00003164   ARM Code       4  use_no_semi.o(.text)
    Inline Thumb to ARM Veneer to __aeabi_uidivmod 0x00003169   Thumb Code     4  aeabi_sdiv.o(.text_udiv)
    __semihosting_library_function           0x00003168   ARM Code       0  indicate_semi.o(.text)
    __aeabi_uidiv                            0x0000316c   ARM Code       0  aeabi_sdiv.o(.text_udiv)
    __aeabi_uidivmod                         0x0000316c   ARM Code      36  aeabi_sdiv.o(.text_udiv)
    Inline Thumb to ARM Veneer to vPortStartFirstTask 0x00003191   Thumb Code     4  portasm.o(PORT_ASM)
    vPortStartFirstTask                      0x00003194   ARM Code       0  portasm.o(PORT_ASM)
    vPortYield                               0x000031c4   ARM Code       0  portasm.o(PORT_ASM)
    vPortYieldProcessor                      0x000031cc   ARM Code       0  portasm.o(PORT_ASM)
    vPreemptiveTick                          0x00003258   ARM Code       0  portasm.o(PORT_ASM)
    Short Thumb to ARM Veneer to vPortYield  0x00003321   Thumb Code     8  anon$$obj.o(Veneer$$Code)
    __ARM_common_call_via_r1                 0x00003329   Thumb Code     2  tasks.o(i.__ARM_common_call_via_r1)
    Inline Thumb to ARM Veneer to __ARM_common_disable_irq 0x0000332d   Thumb Code     4  tasks.o(i.__ARM_common_disable_irq)
    __ARM_common_disable_irq                 0x00003330   ARM Code      20  tasks.o(i.__ARM_common_disable_irq)
    Inline Thumb to ARM Veneer to __ARM_common_enable_irq 0x00003345   Thumb Code     4  port.o(i.__ARM_common_enable_irq)
    __ARM_common_enable_irq                  0x00003348   ARM Code      16  port.o(i.__ARM_common_enable_irq)
    Inline Thumb to ARM Veneer to __ARM_common_switch8 0x00003359   Thumb Code     4  tasks.o(i.__ARM_common_switch8)
    __ARM_common_switch8                     0x0000335c   ARM Code      32  tasks.o(i.__ARM_common_switch8)
    Inline Thumb to ARM Veneer to __aeabi_d2f 0x0000337d   Thumb Code     4  d2f.o(x$fpl$d2f)
    __aeabi_d2f                              0x00003380   ARM Code       0  d2f.o(x$fpl$d2f)
    _d2f                                     0x00003380   ARM Code     108  d2f.o(x$fpl$d2f)
    __aeabi_dadd                             0x000033ec   ARM Code       0  daddsub_noclz.o(x$fpl$dadd)
    _dadd                                    0x000033ec   ARM Code     336  daddsub_noclz.o(x$fpl$dadd)
    Inline Thumb to ARM Veneer to __aeabi_dmul 0x00003541   Thumb Code     4  dmul.o(x$fpl$dmul)
    __aeabi_dmul                             0x00003544   ARM Code       0  dmul.o(x$fpl$dmul)
    _dmul                                    0x00003544   ARM Code     372  dmul.o(x$fpl$dmul)
    __fpl_dnaninf                            0x000036c4   ARM Code     192  dnaninf.o(x$fpl$dnaninf)
    __fpl_dretinf                            0x00003784   ARM Code      16  dretinf.o(x$fpl$dretinf)
    Inline Thumb to ARM Veneer to __aeabi_drsub 0x00003795   Thumb Code     4  daddsub_noclz.o(x$fpl$drsb)
    __aeabi_drsub                            0x00003798   ARM Code       0  daddsub_noclz.o(x$fpl$drsb)
    _drsb                                    0x00003798   ARM Code      24  daddsub_noclz.o(x$fpl$drsb)
    __aeabi_dsub                             0x000037b0   ARM Code       0  daddsub_noclz.o(x$fpl$dsub)
    _dsub                                    0x000037b0   ARM Code     576  daddsub_noclz.o(x$fpl$dsub)
    Inline Thumb to ARM Veneer to __aeabi_f2d 0x000039f5   Thumb Code     4  f2d.o(x$fpl$f2d)
    __aeabi_f2d                              0x000039f8   ARM Code       0  f2d.o(x$fpl$f2d)
    _f2d                                     0x000039f8   ARM Code     100  f2d.o(x$fpl$f2d)
    Inline Thumb to ARM Veneer to __aeabi_fdiv 0x00003a5d   Thumb Code     4  fdiv.o(x$fpl$fdiv)
    __aeabi_fdiv                             0x00003a60   ARM Code       0  fdiv.o(x$fpl$fdiv)
    _fdiv                                    0x00003a60   ARM Code     396  fdiv.o(x$fpl$fdiv)
    Inline Thumb to ARM Veneer to __aeabi_i2f 0x00003bf1   Thumb Code     4  fflt_noclz.o(x$fpl$fflt)
    __aeabi_i2f                              0x00003bf4   ARM Code       0  fflt_noclz.o(x$fpl$fflt)
    _fflt                                    0x00003bf4   ARM Code      92  fflt_noclz.o(x$fpl$fflt)
    __fflt_normalise                         0x00003c00   ARM Code       0  fflt_noclz.o(x$fpl$fflt)
    Inline Thumb to ARM Veneer to __aeabi_ui2f 0x00003c51   Thumb Code     4  fflt_noclz.o(x$fpl$ffltu)
    __aeabi_ui2f                             0x00003c54   ARM Code       0  fflt_noclz.o(x$fpl$ffltu)
    _ffltu                                   0x00003c54   ARM Code       8  fflt_noclz.o(x$fpl$ffltu)
    __fpl_fnaninf                            0x00003c5c   ARM Code     168  fnaninf.o(x$fpl$fnaninf)
    __fpl_fretinf                            0x00003d04   ARM Code      16  fretinf.o(x$fpl$fretinf)
    Region$$Table$$Base                      0x00003d14   Number         0  anon$$obj.o(Region$$Table)
    __I$use$fp                               0x00003d14   Number         0  usenofp.o(x$fpl$usenofp)
    Region$$Table$$Limit                     0x00003d34   Number         0  anon$$obj.o(Region$$Table)
    PinConfig_array                          0x40000000   Data          90  gpio_cfg.o(.data)
    PinConfig_array_size                     0x4000005a   Data           2  gpio_cfg.o(.data)
    MessagesByID                             0x4000005c   Data         100  main.o(.data)
    Task1Handler                             0x400000c0   Data           4  main.o(.data)
    Task2Handler                             0x400000c4   Data           4  main.o(.data)
    Task3Handler                             0x400000c8   Data           4  main.o(.data)
    Task4Handler                             0x400000cc   Data           4  main.o(.data)
    Task5Handler                             0x400000d0   Data           4  main.o(.data)
    Task6Handler                             0x400000d4   Data           4  main.o(.data)
    xQueue                                   0x400000d8   Data           4  main.o(.data)
    misses                                   0x400000dc   Data           4  main.o(.data)
    TaskIDLE_inTime                          0x400000e0   Data           4  main.o(.data)
    TaskIDLE_execTime                        0x400000e4   Data           4  main.o(.data)
    CPU_LOAD                                 0x400000e8   Data           4  main.o(.data)
    receivedChar                             0x400000f0   Data           1  serial.o(.data)
    isNewCharAvailable                       0x400000f1   Data           1  serial.o(.data)
    txDataSizeToSend                         0x400000f2   Data           1  serial.o(.data)
    txDataSizeLeftToSend                     0x400000f3   Data           1  serial.o(.data)
    pxCurrentTCB                             0x400000f4   Data           4  tasks.o(.data)
    uxTopUsedPriority                        0x4000012c   Data           4  tasks.o(.data)
    ulCriticalNesting                        0x40000134   Data           4  port.o(.data)
    txBuffer                                 0x40000150   Data         200  serial.o(.bss)
    __libspace_start                         0x40003708   Data          96  libspace.o(.bss)
    __temporary_stack_top$libspace           0x40003768   Data           0  libspace.o(.bss)



==============================================================================

Memory Map of the image

  Image Entry point : 0x00000104

  Load Region LR_IROM1 (Base: 0x00000000, Size: 0x00003e84, Max: 0x00040000, ABSOLUTE, COMPRESSED[0x00003dc4])

    Execution Region ER_IROM1 (Exec base: 0x00000000, Load base: 0x00000000, Size: 0x00003d34, Max: 0x00040000, ABSOLUTE)

    Exec Addr    Load Addr    Size         Type   Attr      Idx    E Section Name        Object

    0x00000000   0x00000000   0x00000104   Code   RO            3    RESET               startup.o
    0x00000104   0x00000104   0x00000008   Code   RO          277  * !!!main             c_t.l(__main.o)
    0x0000010c   0x0000010c   0x0000003c   Code   RO          483    !!!scatter          c_t.l(__scatter.o)
    0x00000148   0x00000148   0x0000005c   Code   RO          481    !!dczerorl2         c_t.l(__dczerorl2.o)
    0x000001a4   0x000001a4   0x0000002c   Code   RO          485    !!handler_zi        c_t.l(__scatter_zi.o)
    0x000001d0   0x000001d0   0x00000008   Ven    RO          349    .ARM.Collect$$libinit$$00000000  c_t.l(libinit.o)
    0x000001d8   0x000001d8   0x00000002   Code   RO          349    .ARM.Collect$$libinit$$00000000  c_t.l(libinit.o)
    0x000001da   0x000001da   0x00000000   Code   RO          362    .ARM.Collect$$libinit$$00000002  c_t.l(libinit2.o)
    0x000001da   0x000001da   0x00000000   Code   RO          364    .ARM.Collect$$libinit$$00000004  c_t.l(libinit2.o)
    0x000001da   0x000001da   0x00000000   Code   RO          367    .ARM.Collect$$libinit$$0000000A  c_t.l(libinit2.o)
    0x000001da   0x000001da   0x00000000   Code   RO          369    .ARM.Collect$$libinit$$0000000C  c_t.l(libinit2.o)
    0x000001da   0x000001da   0x00000000   Code   RO          371    .ARM.Collect$$libinit$$0000000E  c_t.l(libinit2.o)
    0x000001da   0x000001da   0x00000000   Code   RO          374    .ARM.Collect$$libinit$$00000011  c_t.l(libinit2.o)
    0x000001da   0x000001da   0x00000000   Code   RO          376    .ARM.Collect$$libinit$$00000013  c_t.l(libinit2.o)
    0x000001da   0x000001da   0x00000000   Code   RO          378    .ARM.Collect$$libinit$$00000015  c_t.l(libinit2.o)
    0x000001da   0x000001da   0x00000000   Code   RO          380    .ARM.Collect$$libinit$$00000017  c_t.l(libinit2.o)
    0x000001da   0x000001da   0x00000000   Code   RO          382    .ARM.Collect$$libinit$$00000019  c_t.l(libinit2.o)
    0x000001da   0x000001da   0x00000000   Code   RO          384    .ARM.Collect$$libinit$$0000001B  c_t.l(libinit2.o)
    0x000001da   0x000001da   0x00000000   Code   RO          386    .ARM.Collect$$libinit$$0000001D  c_t.l(libinit2.o)
    0x000001da   0x000001da   0x00000000   Code   RO          388    .ARM.Collect$$libinit$$0000001F  c_t.l(libinit2.o)
    0x000001da   0x000001da   0x00000000   Code   RO          390    .ARM.Collect$$libinit$$00000021  c_t.l(libinit2.o)
    0x000001da   0x000001da   0x00000000   Code   RO          392    .ARM.Collect$$libinit$$00000023  c_t.l(libinit2.o)
    0x000001da   0x000001da   0x00000000   Code   RO          394    .ARM.Collect$$libinit$$00000025  c_t.l(libinit2.o)
    0x000001da   0x000001da   0x00000000   Code   RO          398    .ARM.Collect$$libinit$$0000002C  c_t.l(libinit2.o)
    0x000001da   0x000001da   0x00000000   Code   RO          400    .ARM.Collect$$libinit$$0000002E  c_t.l(libinit2.o)
    0x000001da   0x000001da   0x00000000   Code   RO          402    .ARM.Collect$$libinit$$00000030  c_t.l(libinit2.o)
    0x000001da   0x000001da   0x00000000   Code   RO          404    .ARM.Collect$$libinit$$00000032  c_t.l(libinit2.o)
    0x000001da   0x000001da   0x0000000c   Code   RO          405    .ARM.Collect$$libinit$$00000033  c_t.l(libinit2.o)
    0x000001e6   0x000001e6   0x00000002   PAD
    0x000001e8   0x000001e8   0x00000008   Ven    RO          438    .ARM.Collect$$libshutdown$$00000000  c_t.l(libshutdown.o)
    0x000001f0   0x000001f0   0x00000004   Code   RO          438    .ARM.Collect$$libshutdown$$00000000  c_t.l(libshutdown.o)
    0x000001f4   0x000001f4   0x00000000   Code   RO          464    .ARM.Collect$$libshutdown$$00000002  c_t.l(libshutdown2.o)
    0x000001f4   0x000001f4   0x00000000   Code   RO          466    .ARM.Collect$$libshutdown$$00000004  c_t.l(libshutdown2.o)
    0x000001f4   0x000001f4   0x00000000   Code   RO          469    .ARM.Collect$$libshutdown$$00000007  c_t.l(libshutdown2.o)
    0x000001f4   0x000001f4   0x00000000   Code   RO          472    .ARM.Collect$$libshutdown$$0000000A  c_t.l(libshutdown2.o)
    0x000001f4   0x000001f4   0x00000000   Code   RO          474    .ARM.Collect$$libshutdown$$0000000C  c_t.l(libshutdown2.o)
    0x000001f4   0x000001f4   0x00000000   Code   RO          477    .ARM.Collect$$libshutdown$$0000000F  c_t.l(libshutdown2.o)
    0x000001f4   0x000001f4   0x00000006   Code   RO          478    .ARM.Collect$$libshutdown$$00000010  c_t.l(libshutdown2.o)
    0x000001fa   0x000001fa   0x00000002   PAD
    0x000001fc   0x000001fc   0x00000000   Code   RO          299    .ARM.Collect$$rtentry$$00000000  c_t.l(__rtentry.o)
    0x000001fc   0x000001fc   0x00000000   Code   RO          318    .ARM.Collect$$rtentry$$00000002  c_t.l(__rtentry2.o)
    0x000001fc   0x000001fc   0x00000008   Code   RO          330    .ARM.Collect$$rtentry$$00000004  c_t.l(__rtentry4.o)
    0x00000204   0x00000204   0x00000000   Code   RO          320    .ARM.Collect$$rtentry$$00000009  c_t.l(__rtentry2.o)
    0x00000204   0x00000204   0x00000004   Code   RO          321    .ARM.Collect$$rtentry$$0000000A  c_t.l(__rtentry2.o)
    0x00000208   0x00000208   0x00000000   Code   RO          323    .ARM.Collect$$rtentry$$0000000C  c_t.l(__rtentry2.o)
    0x00000208   0x00000208   0x00000028   Code   RO          324    .ARM.Collect$$rtentry$$0000000D  c_t.l(__rtentry2.o)
    0x00000230   0x00000230   0x00000004   Ven    RO          353    .ARM.Collect$$rtexit$$00000000  c_t.l(rtexit.o)
    0x00000234   0x00000234   0x00000004   Code   RO          353    .ARM.Collect$$rtexit$$00000000  c_t.l(rtexit.o)
    0x00000238   0x00000238   0x00000000   Code   RO          409    .ARM.Collect$$rtexit$$00000002  c_t.l(rtexit2.o)
    0x00000238   0x00000238   0x00000004   Code   RO          410    .ARM.Collect$$rtexit$$00000003  c_t.l(rtexit2.o)
    0x0000023c   0x0000023c   0x00000008   Code   RO          411    .ARM.Collect$$rtexit$$00000004  c_t.l(rtexit2.o)
    0x00000244   0x00000244   0x00000020   Code   RO            4    .text               startup.o
    0x00000264   0x00000264   0x00000094   Code   RO           61    .text               serialisr.o
    0x000002f8   0x000002f8   0x0000015c   Code   RO           64    .text               gpio.o
    0x00000454   0x00000454   0x000004a8   Code   RO           95    .text               main.o
    0x000008fc   0x000008fc   0x000001a4   Code   RO          141    .text               serial.o
    0x00000aa0   0x00000aa0   0x00001710   Code   RO          157    .text               tasks.o
    0x000021b0   0x000021b0   0x00000098   Code   RO          191    .text               list.o
    0x00002248   0x00002248   0x00000880   Code   RO          203    .text               queue.o
    0x00002ac8   0x00002ac8   0x00000158   Code   RO          218    .text               port.o
    0x00002c20   0x00002c20   0x00000144   Code   RO          235    .text               heap_2.o
    0x00002d64   0x00002d64   0x00000004   Ven    RO          255    .text               c_t.l(rt_memcpy.o)
    0x00002d68   0x00002d68   0x000000d4   Code   RO          255    .text               c_t.l(rt_memcpy.o)
    0x00002e3c   0x00002e3c   0x00000004   Ven    RO          257    .text               c_t.l(aeabi_memset.o)
    0x00002e40   0x00002e40   0x00000010   Code   RO          257    .text               c_t.l(aeabi_memset.o)
    0x00002e50   0x00002e50   0x00000180   Code   RO          259    .text               c_t.l(aeabi_sdiv.o)
    0x00002fd0   0x00002fd0   0x00000006   Code   RO          275    .text               c_t.l(heapauxi.o)
    0x00002fd6   0x00002fd6   0x00000002   PAD
    0x00002fd8   0x00002fd8   0x00000064   Code   RO          304    .text               c_t.l(rt_memcpy_w.o)
    0x0000303c   0x0000303c   0x00000040   Code   RO          306    .text               c_t.l(rt_memclr.o)
    0x0000307c   0x0000307c   0x00000054   Code   RO          334    .text               c_t.l(rt_memclr_w.o)
    0x000030d0   0x000030d0   0x00000060   Code   RO          336    .text               c_t.l(sys_stackheap_outer.o)
    0x00003130   0x00003130   0x00000014   Code   RO          338    .text               c_t.l(exit.o)
    0x00003144   0x00003144   0x0000000c   Code   RO          350    .text               c_t.l(libspace.o)
    0x00003150   0x00003150   0x00000008   Ven    RO          406    .text               c_t.l(sys_exit.o)
    0x00003158   0x00003158   0x0000000c   Code   RO          406    .text               c_t.l(sys_exit.o)
    0x00003164   0x00003164   0x00000004   Code   RO          427    .text               c_t.l(use_no_semi.o)
    0x00003168   0x00003168   0x00000000   Code   RO          429    .text               c_t.l(indicate_semi.o)
    0x00003168   0x00003168   0x00000004   Ven    RO          260    .text_udiv          c_t.l(aeabi_sdiv.o)
    0x0000316c   0x0000316c   0x00000024   Code   RO          260    .text_udiv          c_t.l(aeabi_sdiv.o)
    0x00003190   0x00003190   0x00000004   Ven    RO          250    PORT_ASM            portasm.o
    0x00003194   0x00003194   0x0000018c   Code   RO          250    PORT_ASM            portasm.o
    0x00003320   0x00003320   0x00000008   Ven    RO          505    Veneer$$Code        anon$$obj.o
    0x00003328   0x00003328   0x00000002   Code   RO          172    i.__ARM_common_call_via_r1  tasks.o
    0x0000332a   0x0000332a   0x00000002   PAD
    0x0000332c   0x0000332c   0x00000004   Ven    RO          174    i.__ARM_common_disable_irq  tasks.o
    0x00003330   0x00003330   0x00000014   Code   RO          174    i.__ARM_common_disable_irq  tasks.o
    0x00003344   0x00003344   0x00000004   Ven    RO          230    i.__ARM_common_enable_irq  port.o
    0x00003348   0x00003348   0x00000010   Code   RO          230    i.__ARM_common_enable_irq  port.o
    0x00003358   0x00003358   0x00000004   Ven    RO          170    i.__ARM_common_switch8  tasks.o
    0x0000335c   0x0000335c   0x00000020   Code   RO          170    i.__ARM_common_switch8  tasks.o
    0x0000337c   0x0000337c   0x00000004   Ven    RO          279    x$fpl$d2f           fz_ts.l(d2f.o)
    0x00003380   0x00003380   0x0000006c   Code   RO          279    x$fpl$d2f           fz_ts.l(d2f.o)
    0x000033ec   0x000033ec   0x00000154   Code   RO          281    x$fpl$dadd          fz_ts.l(daddsub_noclz.o)
    0x00003540   0x00003540   0x00000004   Ven    RO          287    x$fpl$dmul          fz_ts.l(dmul.o)
    0x00003544   0x00003544   0x00000180   Code   RO          287    x$fpl$dmul          fz_ts.l(dmul.o)
    0x000036c4   0x000036c4   0x000000c0   Code   RO          308    x$fpl$dnaninf       fz_ts.l(dnaninf.o)
    0x00003784   0x00003784   0x00000010   Code   RO          310    x$fpl$dretinf       fz_ts.l(dretinf.o)
    0x00003794   0x00003794   0x00000004   Ven    RO          282    x$fpl$drsb          fz_ts.l(daddsub_noclz.o)
    0x00003798   0x00003798   0x00000018   Code   RO          282    x$fpl$drsb          fz_ts.l(daddsub_noclz.o)
    0x000037b0   0x000037b0   0x00000244   Code   RO          283    x$fpl$dsub          fz_ts.l(daddsub_noclz.o)
    0x000039f4   0x000039f4   0x00000004   Ven    RO          289    x$fpl$f2d           fz_ts.l(f2d.o)
    0x000039f8   0x000039f8   0x00000064   Code   RO          289    x$fpl$f2d           fz_ts.l(f2d.o)
    0x00003a5c   0x00003a5c   0x00000004   Ven    RO          292    x$fpl$fdiv          fz_ts.l(fdiv.o)
    0x00003a60   0x00003a60   0x00000190   Code   RO          292    x$fpl$fdiv          fz_ts.l(fdiv.o)
    0x00003bf0   0x00003bf0   0x00000004   Ven    RO          296    x$fpl$fflt          fz_ts.l(fflt_noclz.o)
    0x00003bf4   0x00003bf4   0x0000005c   Code   RO          296    x$fpl$fflt          fz_ts.l(fflt_noclz.o)
    0x00003c50   0x00003c50   0x00000004   Ven    RO          295    x$fpl$ffltu         fz_ts.l(fflt_noclz.o)
    0x00003c54   0x00003c54   0x00000008   Code   RO          295    x$fpl$ffltu         fz_ts.l(fflt_noclz.o)
    0x00003c5c   0x00003c5c   0x000000a8   Code   RO          312    x$fpl$fnaninf       fz_ts.l(fnaninf.o)
    0x00003d04   0x00003d04   0x00000010   Code   RO          314    x$fpl$fretinf       fz_ts.l(fretinf.o)
    0x00003d14   0x00003d14   0x00000000   Code   RO          316    x$fpl$usenofp       fz_ts.l(usenofp.o)
    0x00003d14   0x00003d14   0x00000020   Data   RO          479    Region$$Table       anon$$obj.o


    Execution Region RW_IRAM1 (Exec base: 0x40000000, Load base: 0x00003d34, Size: 0x00003d88, Max: 0x00004000, ABSOLUTE, COMPRESSED[0x00000090])

    Exec Addr    Load Addr    Size         Type   Attr      Idx    E Section Name        Object

    0x40000000   COMPRESSED   0x0000005c   Data   RW           83    .data               gpio_cfg.o
    0x4000005c   COMPRESSED   0x00000094   Data   RW           96    .data               main.o
    0x400000f0   COMPRESSED   0x00000004   Data   RW          143    .data               serial.o
    0x400000f4   COMPRESSED   0x00000040   Data   RW          159    .data               tasks.o
    0x40000134   COMPRESSED   0x00000004   Data   RW          219    .data               port.o
    0x40000138   COMPRESSED   0x00000018   Data   RW          237    .data               heap_2.o
    0x40000150        -       0x000000c8   Zero   RW          142    .bss                serial.o
    0x40000218        -       0x000000f0   Zero   RW          158    .bss                tasks.o
    0x40000308        -       0x00003400   Zero   RW          236    .bss                heap_2.o
    0x40003708        -       0x00000060   Zero   RW          351    .bss                c_t.l(libspace.o)
    0x40003768        -       0x00000000   Zero   RW            2    HEAP                startup.o
    0x40003768        -       0x00000620   Zero   RW            1    STACK               startup.o


==============================================================================

Image component sizes


      Code (inc. data)   RO Data    RW Data    ZI Data      Debug   Object Name

       348         14          0          0          0       1133   gpio.o
         0          0          0         92          0       1307   gpio_cfg.o
       324         24          0         24      13312       3372   heap_2.o
       152          0          0          0          0       1994   list.o
      1192        226          0        148          0      18443   main.o
         0          0          0          0          0       8680   partest.o
       360         76          0          4          0       3175   port.o
       396         24          0          0          0        388   portasm.o
      2176          0          0          0          0      15061   queue.o
       420         50          0          4        200       3970   serial.o
       148         12          0          0          0        296   serialisr.o
       292         60          0          0       1568        660   startup.o
      5958        356          0         64        240      33518   tasks.o

    ----------------------------------------------------------------------
     11792        842         32        336      15320      91997   Object Totals
        24          0         32          0          0          0   (incl. Generated)
         2          0          0          0          0          0   (incl. Padding)

    ----------------------------------------------------------------------

      Code (inc. data)   RO Data    RW Data    ZI Data      Debug   Library Member Name

        92          0          0          0          0          0   __dczerorl2.o
         8          0          0          0          0         68   __main.o
         0          0          0          0          0          0   __rtentry.o
        44          4          0          0          0          0   __rtentry2.o
         8          0          0          0          0          0   __rtentry4.o
        60          8          0          0          0          0   __scatter.o
        44          0          0          0          0          0   __scatter_zi.o
        20          0          0          0          0         68   aeabi_memset.o
       424          0          0          0          0        148   aeabi_sdiv.o
        20          0          0          0          0         80   exit.o
         6          0          0          0          0        136   heapauxi.o
         0          0          0          0          0          0   indicate_semi.o
        10          0          0          0          0          0   libinit.o
        12          0          0          0          0          0   libinit2.o
        12          0          0          0          0          0   libshutdown.o
         6          0          0          0          0          0   libshutdown2.o
        12          4          0          0         96         68   libspace.o
        64          0          0          0          0         68   rt_memclr.o
        84          0          0          0          0         80   rt_memclr_w.o
       216          0          0          0          0         68   rt_memcpy.o
       100          0          0          0          0         80   rt_memcpy_w.o
         8          0          0          0          0          0   rtexit.o
        12          0          0          0          0          0   rtexit2.o
        20          4          0          0          0         60   sys_exit.o
        96          0          0          0          0         80   sys_stackheap_outer.o
         4          0          0          0          0         68   use_no_semi.o
       112          4          0          0          0         92   d2f.o
       948         16          0          0          0        368   daddsub_noclz.o
       388         16          0          0          0        124   dmul.o
       192          0          0          0          0        108   dnaninf.o
        16          0          0          0          0         68   dretinf.o
       104          4          0          0          0         84   f2d.o
       404         76          0          0          0         96   fdiv.o
       108          0          0          0          0        136   fflt_noclz.o
       168          0          0          0          0         96   fnaninf.o
        16          0          0          0          0         68   fretinf.o
         0          0          0          0          0          0   usenofp.o

    ----------------------------------------------------------------------
      3844        136          0          0         96       2312   Library Totals
         6          0          0          0          0          0   (incl. Padding)

    ----------------------------------------------------------------------

      Code (inc. data)   RO Data    RW Data    ZI Data      Debug   Library Name

      1382         20          0          0         96       1072   c_t.l
      2456        116          0          0          0       1240   fz_ts.l

    ----------------------------------------------------------------------
      3844        136          0          0         96       2312   Library Totals

    ----------------------------------------------------------------------

==============================================================================


      Code (inc. data)   RO Data    RW Data    ZI Data      Debug   

     15636        978         32        336      15416      92421   Grand Totals
     15636        978         32        144      15416      92421   ELF Image Totals (compressed)
     15636        978         32        144          0          0   ROM Totals

==============================================================================

    Total RO  Size (Code + RO Data)                15668 (  15.30kB)
    Total RW  Size (RW Data + ZI Data)             15752 (  15.38kB)
    Total ROM Size (Code + RO Data + RW Data)      15812 (  15.44kB)

==============================================================================

